Archive member included to satisfy reference by file (symbol)

c:/program files (x86)/atmel/studio/7.0/toolchain/avr8/avr8-gnu-toolchain/bin/../lib/gcc/avr/5.4.0/avr5\libgcc.a(_exit.o)
                              C:/Program Files (x86)/Atmel/Studio/7.0/Packs/atmel/ATmega_DFP/1.7.374/gcc/dev/atmega32a/avr5/crtatmega32a.o (exit)
c:/program files (x86)/atmel/studio/7.0/toolchain/avr8/avr8-gnu-toolchain/bin/../lib/gcc/avr/5.4.0/avr5\libgcc.a(_clear_bss.o)
                              HAL/IO/Buzzer/Buzzer_Interface.o (__do_clear_bss)

Discarded input sections

 .data          0x00000000        0x0 C:/Program Files (x86)/Atmel/Studio/7.0/Packs/atmel/ATmega_DFP/1.7.374/gcc/dev/atmega32a/avr5/crtatmega32a.o
 .bss           0x00000000        0x0 C:/Program Files (x86)/Atmel/Studio/7.0/Packs/atmel/ATmega_DFP/1.7.374/gcc/dev/atmega32a/avr5/crtatmega32a.o
 .text          0x00000000        0x0 App/main.o
 .data          0x00000000        0x0 App/main.o
 .bss           0x00000000        0x0 App/main.o
 .text          0x00000000        0x0 HAL/IO/Buzzer/Buzzer_Interface.o
 .data          0x00000000        0x0 HAL/IO/Buzzer/Buzzer_Interface.o
 .bss           0x00000000        0x0 HAL/IO/Buzzer/Buzzer_Interface.o
 .text.Buzzer_Initialize
                0x00000000       0x18 HAL/IO/Buzzer/Buzzer_Interface.o
 .text.Buzzer_On
                0x00000000       0x10 HAL/IO/Buzzer/Buzzer_Interface.o
 .text.Buzzer_Off
                0x00000000       0x10 HAL/IO/Buzzer/Buzzer_Interface.o
 .text.Buzzer_Toggle
                0x00000000        0xe HAL/IO/Buzzer/Buzzer_Interface.o
 .bss.Initialized.1807
                0x00000000        0x1 HAL/IO/Buzzer/Buzzer_Interface.o
 .debug_info    0x00000000      0x239 HAL/IO/Buzzer/Buzzer_Interface.o
 .debug_abbrev  0x00000000       0xa1 HAL/IO/Buzzer/Buzzer_Interface.o
 .debug_aranges
                0x00000000       0x38 HAL/IO/Buzzer/Buzzer_Interface.o
 .debug_ranges  0x00000000       0x28 HAL/IO/Buzzer/Buzzer_Interface.o
 .debug_line    0x00000000       0xeb HAL/IO/Buzzer/Buzzer_Interface.o
 .debug_str     0x00000000      0x2d2 HAL/IO/Buzzer/Buzzer_Interface.o
 .comment       0x00000000       0x31 HAL/IO/Buzzer/Buzzer_Interface.o
 .debug_frame   0x00000000       0x54 HAL/IO/Buzzer/Buzzer_Interface.o
 .text          0x00000000        0x0 HAL/IO/Display/Segments/SevenSegment/SevenSegment_Anode/SevenSegment_Anode_Interface.o
 .data          0x00000000        0x0 HAL/IO/Display/Segments/SevenSegment/SevenSegment_Anode/SevenSegment_Anode_Interface.o
 .bss           0x00000000        0x0 HAL/IO/Display/Segments/SevenSegment/SevenSegment_Anode/SevenSegment_Anode_Interface.o
 .debug_info    0x00000000       0x79 HAL/IO/Display/Segments/SevenSegment/SevenSegment_Anode/SevenSegment_Anode_Interface.o
 .debug_abbrev  0x00000000       0x26 HAL/IO/Display/Segments/SevenSegment/SevenSegment_Anode/SevenSegment_Anode_Interface.o
 .debug_aranges
                0x00000000       0x18 HAL/IO/Display/Segments/SevenSegment/SevenSegment_Anode/SevenSegment_Anode_Interface.o
 .debug_line    0x00000000       0x1a HAL/IO/Display/Segments/SevenSegment/SevenSegment_Anode/SevenSegment_Anode_Interface.o
 .debug_str     0x00000000      0x1f4 HAL/IO/Display/Segments/SevenSegment/SevenSegment_Anode/SevenSegment_Anode_Interface.o
 .comment       0x00000000       0x31 HAL/IO/Display/Segments/SevenSegment/SevenSegment_Anode/SevenSegment_Anode_Interface.o
 .text          0x00000000        0x0 HAL/IO/Display/Segments/SevenSegment/SevenSegment_BCD/SevenSegment_BCD_Interface.o
 .data          0x00000000        0x0 HAL/IO/Display/Segments/SevenSegment/SevenSegment_BCD/SevenSegment_BCD_Interface.o
 .bss           0x00000000        0x0 HAL/IO/Display/Segments/SevenSegment/SevenSegment_BCD/SevenSegment_BCD_Interface.o
 .text.SevenSegment_Enable_DP
                0x00000000       0x10 HAL/IO/Display/Segments/SevenSegment/SevenSegment_BCD/SevenSegment_BCD_Interface.o
 .text.SevenSegment_Disable_DP
                0x00000000       0x10 HAL/IO/Display/Segments/SevenSegment/SevenSegment_BCD/SevenSegment_BCD_Interface.o
 .text          0x00000000        0x0 HAL/IO/Display/Segments/SevenSegment/SevenSegment_Cathode/SevenSegment_Cathode_Interface.o
 .data          0x00000000        0x0 HAL/IO/Display/Segments/SevenSegment/SevenSegment_Cathode/SevenSegment_Cathode_Interface.o
 .bss           0x00000000        0x0 HAL/IO/Display/Segments/SevenSegment/SevenSegment_Cathode/SevenSegment_Cathode_Interface.o
 .debug_info    0x00000000       0x79 HAL/IO/Display/Segments/SevenSegment/SevenSegment_Cathode/SevenSegment_Cathode_Interface.o
 .debug_abbrev  0x00000000       0x26 HAL/IO/Display/Segments/SevenSegment/SevenSegment_Cathode/SevenSegment_Cathode_Interface.o
 .debug_aranges
                0x00000000       0x18 HAL/IO/Display/Segments/SevenSegment/SevenSegment_Cathode/SevenSegment_Cathode_Interface.o
 .debug_line    0x00000000       0x1a HAL/IO/Display/Segments/SevenSegment/SevenSegment_Cathode/SevenSegment_Cathode_Interface.o
 .debug_str     0x00000000      0x1f8 HAL/IO/Display/Segments/SevenSegment/SevenSegment_Cathode/SevenSegment_Cathode_Interface.o
 .comment       0x00000000       0x31 HAL/IO/Display/Segments/SevenSegment/SevenSegment_Cathode/SevenSegment_Cathode_Interface.o
 .text          0x00000000        0x0 HAL/IO/LEDs/LED0/LED0_Interface.o
 .data          0x00000000        0x0 HAL/IO/LEDs/LED0/LED0_Interface.o
 .bss           0x00000000        0x0 HAL/IO/LEDs/LED0/LED0_Interface.o
 .text.LED0_Toggle
                0x00000000        0xe HAL/IO/LEDs/LED0/LED0_Interface.o
 .text          0x00000000        0x0 HAL/IO/LEDs/LED1/LED1_Interface.o
 .data          0x00000000        0x0 HAL/IO/LEDs/LED1/LED1_Interface.o
 .bss           0x00000000        0x0 HAL/IO/LEDs/LED1/LED1_Interface.o
 .text.LED1_Toggle
                0x00000000        0xe HAL/IO/LEDs/LED1/LED1_Interface.o
 .text          0x00000000        0x0 HAL/IO/LEDs/LED2/LED2_Interface.o
 .data          0x00000000        0x0 HAL/IO/LEDs/LED2/LED2_Interface.o
 .bss           0x00000000        0x0 HAL/IO/LEDs/LED2/LED2_Interface.o
 .text.LED2_Toggle
                0x00000000        0xe HAL/IO/LEDs/LED2/LED2_Interface.o
 .text          0x00000000        0x0 HAL/IO/Relay/Relay_Interface.o
 .data          0x00000000        0x0 HAL/IO/Relay/Relay_Interface.o
 .bss           0x00000000        0x0 HAL/IO/Relay/Relay_Interface.o
 .text.Relay_Initialize
                0x00000000       0x18 HAL/IO/Relay/Relay_Interface.o
 .text.Relay_On
                0x00000000       0x10 HAL/IO/Relay/Relay_Interface.o
 .text.Relay_Off
                0x00000000       0x10 HAL/IO/Relay/Relay_Interface.o
 .text.Relay_Toggle
                0x00000000        0xe HAL/IO/Relay/Relay_Interface.o
 .bss.Initialized.1807
                0x00000000        0x1 HAL/IO/Relay/Relay_Interface.o
 .debug_info    0x00000000      0x239 HAL/IO/Relay/Relay_Interface.o
 .debug_abbrev  0x00000000       0xa1 HAL/IO/Relay/Relay_Interface.o
 .debug_aranges
                0x00000000       0x38 HAL/IO/Relay/Relay_Interface.o
 .debug_ranges  0x00000000       0x28 HAL/IO/Relay/Relay_Interface.o
 .debug_line    0x00000000       0xe9 HAL/IO/Relay/Relay_Interface.o
 .debug_str     0x00000000      0x2cc HAL/IO/Relay/Relay_Interface.o
 .comment       0x00000000       0x31 HAL/IO/Relay/Relay_Interface.o
 .debug_frame   0x00000000       0x54 HAL/IO/Relay/Relay_Interface.o
 .text          0x00000000        0x0 MCAL/DIO/DIO_Interface.o
 .data          0x00000000        0x0 MCAL/DIO/DIO_Interface.o
 .bss           0x00000000        0x0 MCAL/DIO/DIO_Interface.o
 .text.DIO_TogglePinValue
                0x00000000       0x68 MCAL/DIO/DIO_Interface.o
 .text.DIO_GetPinValue
                0x00000000       0x64 MCAL/DIO/DIO_Interface.o
 .text.DIO_SetPinPullUp
                0x00000000       0x68 MCAL/DIO/DIO_Interface.o
 .text.DIO_SetPortDirection
                0x00000000       0x48 MCAL/DIO/DIO_Interface.o
 .text.DIO_SetPortValue
                0x00000000       0x48 MCAL/DIO/DIO_Interface.o
 .text.DIO_TogglePortValue
                0x00000000       0x30 MCAL/DIO/DIO_Interface.o
 .text.DIO_GetPortValue
                0x00000000       0x24 MCAL/DIO/DIO_Interface.o
 .text.DIO_SetPortPullUp
                0x00000000       0x28 MCAL/DIO/DIO_Interface.o
 .text          0x00000000        0x0 c:/program files (x86)/atmel/studio/7.0/toolchain/avr8/avr8-gnu-toolchain/bin/../lib/gcc/avr/5.4.0/avr5\libgcc.a(_exit.o)
 .data          0x00000000        0x0 c:/program files (x86)/atmel/studio/7.0/toolchain/avr8/avr8-gnu-toolchain/bin/../lib/gcc/avr/5.4.0/avr5\libgcc.a(_exit.o)
 .bss           0x00000000        0x0 c:/program files (x86)/atmel/studio/7.0/toolchain/avr8/avr8-gnu-toolchain/bin/../lib/gcc/avr/5.4.0/avr5\libgcc.a(_exit.o)
 .text.libgcc.mul
                0x00000000        0x0 c:/program files (x86)/atmel/studio/7.0/toolchain/avr8/avr8-gnu-toolchain/bin/../lib/gcc/avr/5.4.0/avr5\libgcc.a(_exit.o)
 .text.libgcc.div
                0x00000000        0x0 c:/program files (x86)/atmel/studio/7.0/toolchain/avr8/avr8-gnu-toolchain/bin/../lib/gcc/avr/5.4.0/avr5\libgcc.a(_exit.o)
 .text.libgcc   0x00000000        0x0 c:/program files (x86)/atmel/studio/7.0/toolchain/avr8/avr8-gnu-toolchain/bin/../lib/gcc/avr/5.4.0/avr5\libgcc.a(_exit.o)
 .text.libgcc.prologue
                0x00000000        0x0 c:/program files (x86)/atmel/studio/7.0/toolchain/avr8/avr8-gnu-toolchain/bin/../lib/gcc/avr/5.4.0/avr5\libgcc.a(_exit.o)
 .text.libgcc.builtins
                0x00000000        0x0 c:/program files (x86)/atmel/studio/7.0/toolchain/avr8/avr8-gnu-toolchain/bin/../lib/gcc/avr/5.4.0/avr5\libgcc.a(_exit.o)
 .text.libgcc.fmul
                0x00000000        0x0 c:/program files (x86)/atmel/studio/7.0/toolchain/avr8/avr8-gnu-toolchain/bin/../lib/gcc/avr/5.4.0/avr5\libgcc.a(_exit.o)
 .text.libgcc.fixed
                0x00000000        0x0 c:/program files (x86)/atmel/studio/7.0/toolchain/avr8/avr8-gnu-toolchain/bin/../lib/gcc/avr/5.4.0/avr5\libgcc.a(_exit.o)
 .text          0x00000000        0x0 c:/program files (x86)/atmel/studio/7.0/toolchain/avr8/avr8-gnu-toolchain/bin/../lib/gcc/avr/5.4.0/avr5\libgcc.a(_clear_bss.o)
 .data          0x00000000        0x0 c:/program files (x86)/atmel/studio/7.0/toolchain/avr8/avr8-gnu-toolchain/bin/../lib/gcc/avr/5.4.0/avr5\libgcc.a(_clear_bss.o)
 .bss           0x00000000        0x0 c:/program files (x86)/atmel/studio/7.0/toolchain/avr8/avr8-gnu-toolchain/bin/../lib/gcc/avr/5.4.0/avr5\libgcc.a(_clear_bss.o)
 .text.libgcc.mul
                0x00000000        0x0 c:/program files (x86)/atmel/studio/7.0/toolchain/avr8/avr8-gnu-toolchain/bin/../lib/gcc/avr/5.4.0/avr5\libgcc.a(_clear_bss.o)
 .text.libgcc.div
                0x00000000        0x0 c:/program files (x86)/atmel/studio/7.0/toolchain/avr8/avr8-gnu-toolchain/bin/../lib/gcc/avr/5.4.0/avr5\libgcc.a(_clear_bss.o)
 .text.libgcc   0x00000000        0x0 c:/program files (x86)/atmel/studio/7.0/toolchain/avr8/avr8-gnu-toolchain/bin/../lib/gcc/avr/5.4.0/avr5\libgcc.a(_clear_bss.o)
 .text.libgcc.prologue
                0x00000000        0x0 c:/program files (x86)/atmel/studio/7.0/toolchain/avr8/avr8-gnu-toolchain/bin/../lib/gcc/avr/5.4.0/avr5\libgcc.a(_clear_bss.o)
 .text.libgcc.builtins
                0x00000000        0x0 c:/program files (x86)/atmel/studio/7.0/toolchain/avr8/avr8-gnu-toolchain/bin/../lib/gcc/avr/5.4.0/avr5\libgcc.a(_clear_bss.o)
 .text.libgcc.fmul
                0x00000000        0x0 c:/program files (x86)/atmel/studio/7.0/toolchain/avr8/avr8-gnu-toolchain/bin/../lib/gcc/avr/5.4.0/avr5\libgcc.a(_clear_bss.o)
 .text.libgcc.fixed
                0x00000000        0x0 c:/program files (x86)/atmel/studio/7.0/toolchain/avr8/avr8-gnu-toolchain/bin/../lib/gcc/avr/5.4.0/avr5\libgcc.a(_clear_bss.o)

Memory Configuration

Name             Origin             Length             Attributes
text             0x00000000         0x00008000         xr
data             0x00800060         0x00000800         rw !x
eeprom           0x00810000         0x00000400         rw !x
fuse             0x00820000         0x00000002         rw !x
lock             0x00830000         0x00000400         rw !x
signature        0x00840000         0x00000400         rw !x
user_signatures  0x00850000         0x00000400         rw !x
*default*        0x00000000         0xffffffff

Linker script and memory map

LOAD C:/Program Files (x86)/Atmel/Studio/7.0/Packs/atmel/ATmega_DFP/1.7.374/gcc/dev/atmega32a/avr5/crtatmega32a.o
LOAD App/main.o
LOAD HAL/IO/Buzzer/Buzzer_Interface.o
LOAD HAL/IO/Display/Segments/SevenSegment/SevenSegment_Anode/SevenSegment_Anode_Interface.o
LOAD HAL/IO/Display/Segments/SevenSegment/SevenSegment_BCD/SevenSegment_BCD_Interface.o
LOAD HAL/IO/Display/Segments/SevenSegment/SevenSegment_Cathode/SevenSegment_Cathode_Interface.o
LOAD HAL/IO/LEDs/LED0/LED0_Interface.o
LOAD HAL/IO/LEDs/LED1/LED1_Interface.o
LOAD HAL/IO/LEDs/LED2/LED2_Interface.o
LOAD HAL/IO/Relay/Relay_Interface.o
LOAD MCAL/DIO/DIO_Interface.o
START GROUP
LOAD c:/program files (x86)/atmel/studio/7.0/toolchain/avr8/avr8-gnu-toolchain/bin/../lib/gcc/avr/5.4.0/../../../../avr/lib/avr5\libm.a
END GROUP
START GROUP
LOAD c:/program files (x86)/atmel/studio/7.0/toolchain/avr8/avr8-gnu-toolchain/bin/../lib/gcc/avr/5.4.0/avr5\libgcc.a
LOAD c:/program files (x86)/atmel/studio/7.0/toolchain/avr8/avr8-gnu-toolchain/bin/../lib/gcc/avr/5.4.0/../../../../avr/lib/avr5\libm.a
LOAD c:/program files (x86)/atmel/studio/7.0/toolchain/avr8/avr8-gnu-toolchain/bin/../lib/gcc/avr/5.4.0/../../../../avr/lib/avr5\libc.a
LOAD C:/Program Files (x86)/Atmel/Studio/7.0/Packs/atmel/ATmega_DFP/1.7.374/gcc/dev/atmega32a/avr5\libatmega32a.a
END GROUP
                [0x00000000]                __TEXT_REGION_ORIGIN__ = DEFINED (__TEXT_REGION_ORIGIN__)?__TEXT_REGION_ORIGIN__:0x0
                [0x00800060]                __DATA_REGION_ORIGIN__ = DEFINED (__DATA_REGION_ORIGIN__)?__DATA_REGION_ORIGIN__:0x800060
                [0x00008000]                __TEXT_REGION_LENGTH__ = DEFINED (__TEXT_REGION_LENGTH__)?__TEXT_REGION_LENGTH__:0x20000
                [0x00000800]                __DATA_REGION_LENGTH__ = DEFINED (__DATA_REGION_LENGTH__)?__DATA_REGION_LENGTH__:0xffa0
                [0x00000400]                __EEPROM_REGION_LENGTH__ = DEFINED (__EEPROM_REGION_LENGTH__)?__EEPROM_REGION_LENGTH__:0x10000
                [0x00000002]                __FUSE_REGION_LENGTH__ = DEFINED (__FUSE_REGION_LENGTH__)?__FUSE_REGION_LENGTH__:0x400
                0x00000400                __LOCK_REGION_LENGTH__ = DEFINED (__LOCK_REGION_LENGTH__)?__LOCK_REGION_LENGTH__:0x400
                0x00000400                __SIGNATURE_REGION_LENGTH__ = DEFINED (__SIGNATURE_REGION_LENGTH__)?__SIGNATURE_REGION_LENGTH__:0x400
                0x00000400                __USER_SIGNATURE_REGION_LENGTH__ = DEFINED (__USER_SIGNATURE_REGION_LENGTH__)?__USER_SIGNATURE_REGION_LENGTH__:0x400

.hash
 *(.hash)

.dynsym
 *(.dynsym)

.dynstr
 *(.dynstr)

.gnu.version
 *(.gnu.version)

.gnu.version_d
 *(.gnu.version_d)

.gnu.version_r
 *(.gnu.version_r)

.rel.init
 *(.rel.init)

.rela.init
 *(.rela.init)

.rel.text
 *(.rel.text)
 *(.rel.text.*)
 *(.rel.gnu.linkonce.t*)

.rela.text
 *(.rela.text)
 *(.rela.text.*)
 *(.rela.gnu.linkonce.t*)

.rel.fini
 *(.rel.fini)

.rela.fini
 *(.rela.fini)

.rel.rodata
 *(.rel.rodata)
 *(.rel.rodata.*)
 *(.rel.gnu.linkonce.r*)

.rela.rodata
 *(.rela.rodata)
 *(.rela.rodata.*)
 *(.rela.gnu.linkonce.r*)

.rel.data
 *(.rel.data)
 *(.rel.data.*)
 *(.rel.gnu.linkonce.d*)

.rela.data
 *(.rela.data)
 *(.rela.data.*)
 *(.rela.gnu.linkonce.d*)

.rel.ctors
 *(.rel.ctors)

.rela.ctors
 *(.rela.ctors)

.rel.dtors
 *(.rel.dtors)

.rela.dtors
 *(.rela.dtors)

.rel.got
 *(.rel.got)

.rela.got
 *(.rela.got)

.rel.bss
 *(.rel.bss)

.rela.bss
 *(.rela.bss)

.rel.plt
 *(.rel.plt)

.rela.plt
 *(.rela.plt)

.text           0x00000000      0x470
 *(.vectors)
 .vectors       0x00000000       0x54 C:/Program Files (x86)/Atmel/Studio/7.0/Packs/atmel/ATmega_DFP/1.7.374/gcc/dev/atmega32a/avr5/crtatmega32a.o
                0x00000000                __vector_default
                0x00000000                __vectors
 *(.vectors)
 *(.progmem.gcc*)
                0x00000054                . = ALIGN (0x2)
                0x00000054                __trampolines_start = .
 *(.trampolines)
 .trampolines   0x00000054        0x0 linker stubs
 *(.trampolines*)
                0x00000054                __trampolines_end = .
 *libprintf_flt.a:*(.progmem.data)
 *libc.a:*(.progmem.data)
 *(.progmem*)
                0x00000054                . = ALIGN (0x2)
 *(.jumptables)
 *(.jumptables*)
 *(.lowtext)
 *(.lowtext*)
                0x00000054                __ctors_start = .
 *(.ctors)
                0x00000054                __ctors_end = .
                0x00000054                __dtors_start = .
 *(.dtors)
                0x00000054                __dtors_end = .
 SORT(*)(.ctors)
 SORT(*)(.dtors)
 *(.init0)
 .init0         0x00000054        0x0 C:/Program Files (x86)/Atmel/Studio/7.0/Packs/atmel/ATmega_DFP/1.7.374/gcc/dev/atmega32a/avr5/crtatmega32a.o
                0x00000054                __init
 *(.init0)
 *(.init1)
 *(.init1)
 *(.init2)
 .init2         0x00000054        0xc C:/Program Files (x86)/Atmel/Studio/7.0/Packs/atmel/ATmega_DFP/1.7.374/gcc/dev/atmega32a/avr5/crtatmega32a.o
 *(.init2)
 *(.init3)
 *(.init3)
 *(.init4)
 .init4         0x00000060       0x10 c:/program files (x86)/atmel/studio/7.0/toolchain/avr8/avr8-gnu-toolchain/bin/../lib/gcc/avr/5.4.0/avr5\libgcc.a(_clear_bss.o)
                0x00000060                __do_clear_bss
 *(.init4)
 *(.init5)
 *(.init5)
 *(.init6)
 *(.init6)
 *(.init7)
 *(.init7)
 *(.init8)
 *(.init8)
 *(.init9)
 .init9         0x00000070        0x8 C:/Program Files (x86)/Atmel/Studio/7.0/Packs/atmel/ATmega_DFP/1.7.374/gcc/dev/atmega32a/avr5/crtatmega32a.o
 *(.init9)
 *(.text)
 .text          0x00000078        0x4 C:/Program Files (x86)/Atmel/Studio/7.0/Packs/atmel/ATmega_DFP/1.7.374/gcc/dev/atmega32a/avr5/crtatmega32a.o
                0x00000078                __vector_1
                0x00000078                __vector_12
                0x00000078                __bad_interrupt
                0x00000078                __vector_6
                0x00000078                __vector_3
                0x00000078                __vector_11
                0x00000078                __vector_13
                0x00000078                __vector_17
                0x00000078                __vector_19
                0x00000078                __vector_7
                0x00000078                __vector_5
                0x00000078                __vector_4
                0x00000078                __vector_9
                0x00000078                __vector_2
                0x00000078                __vector_15
                0x00000078                __vector_8
                0x00000078                __vector_14
                0x00000078                __vector_10
                0x00000078                __vector_16
                0x00000078                __vector_18
                0x00000078                __vector_20
                0x0000007c                . = ALIGN (0x2)
 *(.text.*)
 .text.main     0x0000007c       0x84 App/main.o
                0x0000007c                main
 .text.SevenSegment_Initialize
                0x00000100       0x20 HAL/IO/Display/Segments/SevenSegment/SevenSegment_BCD/SevenSegment_BCD_Interface.o
                0x00000100                SevenSegment_Initialize
 .text.SevenSegment_Enable_1
                0x00000120       0x10 HAL/IO/Display/Segments/SevenSegment/SevenSegment_BCD/SevenSegment_BCD_Interface.o
                0x00000120                SevenSegment_Enable_1
 .text.SevenSegment_Disable_1
                0x00000130       0x10 HAL/IO/Display/Segments/SevenSegment/SevenSegment_BCD/SevenSegment_BCD_Interface.o
                0x00000130                SevenSegment_Disable_1
 .text.SevenSegment_Enable_2
                0x00000140       0x10 HAL/IO/Display/Segments/SevenSegment/SevenSegment_BCD/SevenSegment_BCD_Interface.o
                0x00000140                SevenSegment_Enable_2
 .text.SevenSegment_Disable_2
                0x00000150       0x10 HAL/IO/Display/Segments/SevenSegment/SevenSegment_BCD/SevenSegment_BCD_Interface.o
                0x00000150                SevenSegment_Disable_2
 .text.SevenSegment_Display_Number
                0x00000160       0x6a HAL/IO/Display/Segments/SevenSegment/SevenSegment_BCD/SevenSegment_BCD_Interface.o
                0x00000160                SevenSegment_Display_Number
 .text.LED0_Initialize
                0x000001ca       0x1a HAL/IO/LEDs/LED0/LED0_Interface.o
                0x000001ca                LED0_Initialize
 .text.LED0_On  0x000001e4       0x10 HAL/IO/LEDs/LED0/LED0_Interface.o
                0x000001e4                LED0_On
 .text.LED0_Off
                0x000001f4       0x10 HAL/IO/LEDs/LED0/LED0_Interface.o
                0x000001f4                LED0_Off
 .text.LED1_Initialize
                0x00000204       0x1a HAL/IO/LEDs/LED1/LED1_Interface.o
                0x00000204                LED1_Initialize
 .text.LED1_On  0x0000021e       0x10 HAL/IO/LEDs/LED1/LED1_Interface.o
                0x0000021e                LED1_On
 .text.LED1_Off
                0x0000022e       0x10 HAL/IO/LEDs/LED1/LED1_Interface.o
                0x0000022e                LED1_Off
 .text.LED2_Initialize
                0x0000023e       0x1a HAL/IO/LEDs/LED2/LED2_Interface.o
                0x0000023e                LED2_Initialize
 .text.LED2_On  0x00000258       0x10 HAL/IO/LEDs/LED2/LED2_Interface.o
                0x00000258                LED2_On
 .text.LED2_Off
                0x00000268       0x10 HAL/IO/LEDs/LED2/LED2_Interface.o
                0x00000268                LED2_Off
 .text.DIO_SetPinDirection
                0x00000278       0xda MCAL/DIO/DIO_Interface.o
                0x00000278                DIO_SetPinDirection
 .text.DIO_SetPinValue
                0x00000352       0xda MCAL/DIO/DIO_Interface.o
                0x00000352                DIO_SetPinValue
 .text.DIO_WritePortDirection
                0x0000042c       0x20 MCAL/DIO/DIO_Interface.o
                0x0000042c                DIO_WritePortDirection
 .text.DIO_WritePortValue
                0x0000044c       0x20 MCAL/DIO/DIO_Interface.o
                0x0000044c                DIO_WritePortValue
                0x0000046c                . = ALIGN (0x2)
 *(.fini9)
 .fini9         0x0000046c        0x0 c:/program files (x86)/atmel/studio/7.0/toolchain/avr8/avr8-gnu-toolchain/bin/../lib/gcc/avr/5.4.0/avr5\libgcc.a(_exit.o)
                0x0000046c                _exit
                0x0000046c                exit
 *(.fini9)
 *(.fini8)
 *(.fini8)
 *(.fini7)
 *(.fini7)
 *(.fini6)
 *(.fini6)
 *(.fini5)
 *(.fini5)
 *(.fini4)
 *(.fini4)
 *(.fini3)
 *(.fini3)
 *(.fini2)
 *(.fini2)
 *(.fini1)
 *(.fini1)
 *(.fini0)
 .fini0         0x0000046c        0x4 c:/program files (x86)/atmel/studio/7.0/toolchain/avr8/avr8-gnu-toolchain/bin/../lib/gcc/avr/5.4.0/avr5\libgcc.a(_exit.o)
 *(.fini0)
                0x00000470                _etext = .

.data           0x00800060        0x0 load address 0x00000470
                [!provide]                PROVIDE (__data_start, .)
 *(.data)
 *(.data*)
 *(.gnu.linkonce.d*)
 *(.rodata)
 *(.rodata*)
 *(.gnu.linkonce.r*)
                0x00800060                . = ALIGN (0x2)
                0x00800060                _edata = .
                [!provide]                PROVIDE (__data_end, .)

.bss            0x00800060        0x4
                0x00800060                PROVIDE (__bss_start, .)
 *(.bss)
 *(.bss*)
 .bss.Initialized.1815
                0x00800060        0x1 HAL/IO/Display/Segments/SevenSegment/SevenSegment_BCD/SevenSegment_BCD_Interface.o
 .bss.Initialized.1807
                0x00800061        0x1 HAL/IO/LEDs/LED0/LED0_Interface.o
 .bss.Initialized.1807
                0x00800062        0x1 HAL/IO/LEDs/LED1/LED1_Interface.o
 .bss.Initialized.1807
                0x00800063        0x1 HAL/IO/LEDs/LED2/LED2_Interface.o
 *(COMMON)
                0x00800064                PROVIDE (__bss_end, .)
                0x00000470                __data_load_start = LOADADDR (.data)
                0x00000470                __data_load_end = (__data_load_start + SIZEOF (.data))

.noinit         0x00800064        0x0
                [!provide]                PROVIDE (__noinit_start, .)
 *(.noinit*)
                [!provide]                PROVIDE (__noinit_end, .)
                0x00800064                _end = .
                [!provide]                PROVIDE (__heap_start, .)

.eeprom         0x00810000        0x0
 *(.eeprom*)
                0x00810000                __eeprom_end = .

.fuse
 *(.fuse)
 *(.lfuse)
 *(.hfuse)
 *(.efuse)

.lock
 *(.lock*)

.signature
 *(.signature*)

.user_signatures
 *(.user_signatures*)

.stab
 *(.stab)

.stabstr
 *(.stabstr)

.stab.excl
 *(.stab.excl)

.stab.exclstr
 *(.stab.exclstr)

.stab.index
 *(.stab.index)

.stab.indexstr
 *(.stab.indexstr)

.comment        0x00000000       0x30
 *(.comment)
 .comment       0x00000000       0x30 App/main.o
                                 0x31 (size before relaxing)
 .comment       0x00000030       0x31 HAL/IO/Display/Segments/SevenSegment/SevenSegment_BCD/SevenSegment_BCD_Interface.o
 .comment       0x00000030       0x31 HAL/IO/LEDs/LED0/LED0_Interface.o
 .comment       0x00000030       0x31 HAL/IO/LEDs/LED1/LED1_Interface.o
 .comment       0x00000030       0x31 HAL/IO/LEDs/LED2/LED2_Interface.o
 .comment       0x00000030       0x31 MCAL/DIO/DIO_Interface.o

.note.gnu.avr.deviceinfo
                0x00000000       0x3c
 .note.gnu.avr.deviceinfo
                0x00000000       0x3c C:/Program Files (x86)/Atmel/Studio/7.0/Packs/atmel/ATmega_DFP/1.7.374/gcc/dev/atmega32a/avr5/crtatmega32a.o

.note.gnu.build-id
 *(.note.gnu.build-id)

.debug
 *(.debug)

.line
 *(.line)

.debug_srcinfo
 *(.debug_srcinfo)

.debug_sfnames
 *(.debug_sfnames)

.debug_aranges  0x00000000      0x198
 *(.debug_aranges)
 .debug_aranges
                0x00000000       0x20 App/main.o
 .debug_aranges
                0x00000020       0x58 HAL/IO/Display/Segments/SevenSegment/SevenSegment_BCD/SevenSegment_BCD_Interface.o
 .debug_aranges
                0x00000078       0x38 HAL/IO/LEDs/LED0/LED0_Interface.o
 .debug_aranges
                0x000000b0       0x38 HAL/IO/LEDs/LED1/LED1_Interface.o
 .debug_aranges
                0x000000e8       0x38 HAL/IO/LEDs/LED2/LED2_Interface.o
 .debug_aranges
                0x00000120       0x78 MCAL/DIO/DIO_Interface.o

.debug_pubnames
 *(.debug_pubnames)

.debug_info     0x00000000     0x1620
 *(.debug_info .gnu.linkonce.wi.*)
 .debug_info    0x00000000      0x4e6 C:/Program Files (x86)/Atmel/Studio/7.0/Packs/atmel/ATmega_DFP/1.7.374/gcc/dev/atmega32a/avr5/crtatmega32a.o
 .debug_info    0x000004e6      0x1d0 App/main.o
 .debug_info    0x000006b6      0x494 HAL/IO/Display/Segments/SevenSegment/SevenSegment_BCD/SevenSegment_BCD_Interface.o
 .debug_info    0x00000b4a      0x23e HAL/IO/LEDs/LED0/LED0_Interface.o
 .debug_info    0x00000d88      0x23e HAL/IO/LEDs/LED1/LED1_Interface.o
 .debug_info    0x00000fc6      0x23e HAL/IO/LEDs/LED2/LED2_Interface.o
 .debug_info    0x00001204      0x41c MCAL/DIO/DIO_Interface.o

.debug_abbrev   0x00000000      0x9ad
 *(.debug_abbrev)
 .debug_abbrev  0x00000000      0x4a3 C:/Program Files (x86)/Atmel/Studio/7.0/Packs/atmel/ATmega_DFP/1.7.374/gcc/dev/atmega32a/avr5/crtatmega32a.o
 .debug_abbrev  0x000004a3       0xc1 App/main.o
 .debug_abbrev  0x00000564      0x168 HAL/IO/Display/Segments/SevenSegment/SevenSegment_BCD/SevenSegment_BCD_Interface.o
 .debug_abbrev  0x000006cc       0xa1 HAL/IO/LEDs/LED0/LED0_Interface.o
 .debug_abbrev  0x0000076d       0xa1 HAL/IO/LEDs/LED1/LED1_Interface.o
 .debug_abbrev  0x0000080e       0xa1 HAL/IO/LEDs/LED2/LED2_Interface.o
 .debug_abbrev  0x000008af       0xfe MCAL/DIO/DIO_Interface.o

.debug_line     0x00000000      0xcbc
 *(.debug_line .debug_line.* .debug_line_end)
 .debug_line    0x00000000      0x116 C:/Program Files (x86)/Atmel/Studio/7.0/Packs/atmel/ATmega_DFP/1.7.374/gcc/dev/atmega32a/avr5/crtatmega32a.o
 .debug_line    0x00000116      0x1c7 App/main.o
 .debug_line    0x000002dd      0x2c8 HAL/IO/Display/Segments/SevenSegment/SevenSegment_BCD/SevenSegment_BCD_Interface.o
 .debug_line    0x000005a5       0xec HAL/IO/LEDs/LED0/LED0_Interface.o
 .debug_line    0x00000691       0xec HAL/IO/LEDs/LED1/LED1_Interface.o
 .debug_line    0x0000077d       0xec HAL/IO/LEDs/LED2/LED2_Interface.o
 .debug_line    0x00000869      0x453 MCAL/DIO/DIO_Interface.o

.debug_frame    0x00000000      0x290
 *(.debug_frame)
 .debug_frame   0x00000000       0x24 App/main.o
 .debug_frame   0x00000024       0x9c HAL/IO/Display/Segments/SevenSegment/SevenSegment_BCD/SevenSegment_BCD_Interface.o
 .debug_frame   0x000000c0       0x54 HAL/IO/LEDs/LED0/LED0_Interface.o
 .debug_frame   0x00000114       0x54 HAL/IO/LEDs/LED1/LED1_Interface.o
 .debug_frame   0x00000168       0x54 HAL/IO/LEDs/LED2/LED2_Interface.o
 .debug_frame   0x000001bc       0xd4 MCAL/DIO/DIO_Interface.o

.debug_str      0x00000000      0x740
 *(.debug_str)
 .debug_str     0x00000000      0x196 C:/Program Files (x86)/Atmel/Studio/7.0/Packs/atmel/ATmega_DFP/1.7.374/gcc/dev/atmega32a/avr5/crtatmega32a.o
 .debug_str     0x00000196      0x1c3 App/main.o
                                0x1fc (size before relaxing)
 .debug_str     0x00000359      0x21b HAL/IO/Display/Segments/SevenSegment/SevenSegment_BCD/SevenSegment_BCD_Interface.o
                                0x3d1 (size before relaxing)
 .debug_str     0x00000574       0x7d HAL/IO/LEDs/LED0/LED0_Interface.o
                                0x2cb (size before relaxing)
 .debug_str     0x000005f1       0x41 HAL/IO/LEDs/LED1/LED1_Interface.o
                                0x2cb (size before relaxing)
 .debug_str     0x00000632       0x41 HAL/IO/LEDs/LED2/LED2_Interface.o
                                0x2cb (size before relaxing)
 .debug_str     0x00000673       0xcd MCAL/DIO/DIO_Interface.o
                                0x35e (size before relaxing)

.debug_loc      0x00000000      0x70c
 *(.debug_loc)
 .debug_loc     0x00000000       0x64 App/main.o
 .debug_loc     0x00000064      0x176 HAL/IO/Display/Segments/SevenSegment/SevenSegment_BCD/SevenSegment_BCD_Interface.o
 .debug_loc     0x000001da      0x532 MCAL/DIO/DIO_Interface.o

.debug_macinfo
 *(.debug_macinfo)

.debug_weaknames
 *(.debug_weaknames)

.debug_funcnames
 *(.debug_funcnames)

.debug_typenames
 *(.debug_typenames)

.debug_varnames
 *(.debug_varnames)

.debug_pubtypes
 *(.debug_pubtypes)

.debug_ranges   0x00000000      0x168
 *(.debug_ranges)
 .debug_ranges  0x00000000       0x40 App/main.o
 .debug_ranges  0x00000040       0x48 HAL/IO/Display/Segments/SevenSegment/SevenSegment_BCD/SevenSegment_BCD_Interface.o
 .debug_ranges  0x00000088       0x28 HAL/IO/LEDs/LED0/LED0_Interface.o
 .debug_ranges  0x000000b0       0x28 HAL/IO/LEDs/LED1/LED1_Interface.o
 .debug_ranges  0x000000d8       0x28 HAL/IO/LEDs/LED2/LED2_Interface.o
 .debug_ranges  0x00000100       0x68 MCAL/DIO/DIO_Interface.o

.debug_macro
 *(.debug_macro)
OUTPUT(Main_Application.elf elf32-avr)
LOAD linker stubs
