Archive member included to satisfy reference by file (symbol)

c:/program files (x86)/atmel/studio/7.0/toolchain/avr8/avr8-gnu-toolchain/bin/../lib/gcc/avr/5.4.0/../../../../avr/lib/avr5\libm.a(addsf3.o)
                              HAL/IO/Display/LCD/LCD1602/LCD1602_4Bit/LCD1602_4Bit_Interface.o (__subsf3)
c:/program files (x86)/atmel/studio/7.0/toolchain/avr8/avr8-gnu-toolchain/bin/../lib/gcc/avr/5.4.0/../../../../avr/lib/avr5\libm.a(addsf3x.o)
                              c:/program files (x86)/atmel/studio/7.0/toolchain/avr8/avr8-gnu-toolchain/bin/../lib/gcc/avr/5.4.0/../../../../avr/lib/avr5\libm.a(addsf3.o) (__addsf3x)
c:/program files (x86)/atmel/studio/7.0/toolchain/avr8/avr8-gnu-toolchain/bin/../lib/gcc/avr/5.4.0/../../../../avr/lib/avr5\libm.a(fixsfdi.o)
                              HAL/IO/Display/LCD/LCD1602/LCD1602_4Bit/LCD1602_4Bit_Interface.o (__fixunssfdi)
c:/program files (x86)/atmel/studio/7.0/toolchain/avr8/avr8-gnu-toolchain/bin/../lib/gcc/avr/5.4.0/../../../../avr/lib/avr5\libm.a(fixunssfsi.o)
                              HAL/IO/Display/LCD/LCD1602/LCD1602_4Bit/LCD1602_4Bit_Interface.o (__fixunssfsi)
c:/program files (x86)/atmel/studio/7.0/toolchain/avr8/avr8-gnu-toolchain/bin/../lib/gcc/avr/5.4.0/../../../../avr/lib/avr5\libm.a(floatsisf.o)
                              HAL/IO/Display/LCD/LCD1602/LCD1602_4Bit/LCD1602_4Bit_Interface.o (__floatunsisf)
c:/program files (x86)/atmel/studio/7.0/toolchain/avr8/avr8-gnu-toolchain/bin/../lib/gcc/avr/5.4.0/../../../../avr/lib/avr5\libm.a(fp_inf.o)
                              c:/program files (x86)/atmel/studio/7.0/toolchain/avr8/avr8-gnu-toolchain/bin/../lib/gcc/avr/5.4.0/../../../../avr/lib/avr5\libm.a(addsf3x.o) (__fp_inf)
c:/program files (x86)/atmel/studio/7.0/toolchain/avr8/avr8-gnu-toolchain/bin/../lib/gcc/avr/5.4.0/../../../../avr/lib/avr5\libm.a(fp_nan.o)
                              c:/program files (x86)/atmel/studio/7.0/toolchain/avr8/avr8-gnu-toolchain/bin/../lib/gcc/avr/5.4.0/../../../../avr/lib/avr5\libm.a(addsf3x.o) (__fp_nan)
c:/program files (x86)/atmel/studio/7.0/toolchain/avr8/avr8-gnu-toolchain/bin/../lib/gcc/avr/5.4.0/../../../../avr/lib/avr5\libm.a(fp_negdi.o)
                              c:/program files (x86)/atmel/studio/7.0/toolchain/avr8/avr8-gnu-toolchain/bin/../lib/gcc/avr/5.4.0/../../../../avr/lib/avr5\libm.a(fixsfdi.o) (__fp_negdi)
c:/program files (x86)/atmel/studio/7.0/toolchain/avr8/avr8-gnu-toolchain/bin/../lib/gcc/avr/5.4.0/../../../../avr/lib/avr5\libm.a(fp_pscA.o)
                              c:/program files (x86)/atmel/studio/7.0/toolchain/avr8/avr8-gnu-toolchain/bin/../lib/gcc/avr/5.4.0/../../../../avr/lib/avr5\libm.a(addsf3x.o) (__fp_pscA)
c:/program files (x86)/atmel/studio/7.0/toolchain/avr8/avr8-gnu-toolchain/bin/../lib/gcc/avr/5.4.0/../../../../avr/lib/avr5\libm.a(fp_pscB.o)
                              c:/program files (x86)/atmel/studio/7.0/toolchain/avr8/avr8-gnu-toolchain/bin/../lib/gcc/avr/5.4.0/../../../../avr/lib/avr5\libm.a(addsf3x.o) (__fp_pscB)
c:/program files (x86)/atmel/studio/7.0/toolchain/avr8/avr8-gnu-toolchain/bin/../lib/gcc/avr/5.4.0/../../../../avr/lib/avr5\libm.a(fp_round.o)
                              c:/program files (x86)/atmel/studio/7.0/toolchain/avr8/avr8-gnu-toolchain/bin/../lib/gcc/avr/5.4.0/../../../../avr/lib/avr5\libm.a(addsf3.o) (__fp_round)
c:/program files (x86)/atmel/studio/7.0/toolchain/avr8/avr8-gnu-toolchain/bin/../lib/gcc/avr/5.4.0/../../../../avr/lib/avr5\libm.a(fp_split3.o)
                              c:/program files (x86)/atmel/studio/7.0/toolchain/avr8/avr8-gnu-toolchain/bin/../lib/gcc/avr/5.4.0/../../../../avr/lib/avr5\libm.a(addsf3x.o) (__fp_split3)
c:/program files (x86)/atmel/studio/7.0/toolchain/avr8/avr8-gnu-toolchain/bin/../lib/gcc/avr/5.4.0/../../../../avr/lib/avr5\libm.a(fp_zero.o)
                              c:/program files (x86)/atmel/studio/7.0/toolchain/avr8/avr8-gnu-toolchain/bin/../lib/gcc/avr/5.4.0/../../../../avr/lib/avr5\libm.a(addsf3x.o) (__fp_zero)
c:/program files (x86)/atmel/studio/7.0/toolchain/avr8/avr8-gnu-toolchain/bin/../lib/gcc/avr/5.4.0/../../../../avr/lib/avr5\libm.a(mulsf3.o)
                              HAL/IO/Display/LCD/LCD1602/LCD1602_4Bit/LCD1602_4Bit_Interface.o (__mulsf3)
c:/program files (x86)/atmel/studio/7.0/toolchain/avr8/avr8-gnu-toolchain/bin/../lib/gcc/avr/5.4.0/../../../../avr/lib/avr5\libm.a(mulsf3x.o)
                              c:/program files (x86)/atmel/studio/7.0/toolchain/avr8/avr8-gnu-toolchain/bin/../lib/gcc/avr/5.4.0/../../../../avr/lib/avr5\libm.a(mulsf3.o) (__mulsf3x)
c:/program files (x86)/atmel/studio/7.0/toolchain/avr8/avr8-gnu-toolchain/bin/../lib/gcc/avr/5.4.0/../../../../avr/lib/avr5\libm.a(pow.o)
                              HAL/IO/Display/LCD/LCD1602/LCD1602_4Bit/LCD1602_4Bit_Interface.o (pow)
c:/program files (x86)/atmel/studio/7.0/toolchain/avr8/avr8-gnu-toolchain/bin/../lib/gcc/avr/5.4.0/../../../../avr/lib/avr5\libm.a(exp.o)
                              c:/program files (x86)/atmel/studio/7.0/toolchain/avr8/avr8-gnu-toolchain/bin/../lib/gcc/avr/5.4.0/../../../../avr/lib/avr5\libm.a(pow.o) (exp)
c:/program files (x86)/atmel/studio/7.0/toolchain/avr8/avr8-gnu-toolchain/bin/../lib/gcc/avr/5.4.0/../../../../avr/lib/avr5\libm.a(fp_powser.o)
                              c:/program files (x86)/atmel/studio/7.0/toolchain/avr8/avr8-gnu-toolchain/bin/../lib/gcc/avr/5.4.0/../../../../avr/lib/avr5\libm.a(exp.o) (__fp_powser)
c:/program files (x86)/atmel/studio/7.0/toolchain/avr8/avr8-gnu-toolchain/bin/../lib/gcc/avr/5.4.0/../../../../avr/lib/avr5\libm.a(inverse.o)
                              c:/program files (x86)/atmel/studio/7.0/toolchain/avr8/avr8-gnu-toolchain/bin/../lib/gcc/avr/5.4.0/../../../../avr/lib/avr5\libm.a(exp.o) (inverse)
c:/program files (x86)/atmel/studio/7.0/toolchain/avr8/avr8-gnu-toolchain/bin/../lib/gcc/avr/5.4.0/../../../../avr/lib/avr5\libm.a(ldexp.o)
                              c:/program files (x86)/atmel/studio/7.0/toolchain/avr8/avr8-gnu-toolchain/bin/../lib/gcc/avr/5.4.0/../../../../avr/lib/avr5\libm.a(exp.o) (ldexp)
c:/program files (x86)/atmel/studio/7.0/toolchain/avr8/avr8-gnu-toolchain/bin/../lib/gcc/avr/5.4.0/../../../../avr/lib/avr5\libm.a(log.o)
                              c:/program files (x86)/atmel/studio/7.0/toolchain/avr8/avr8-gnu-toolchain/bin/../lib/gcc/avr/5.4.0/../../../../avr/lib/avr5\libm.a(pow.o) (log)
c:/program files (x86)/atmel/studio/7.0/toolchain/avr8/avr8-gnu-toolchain/bin/../lib/gcc/avr/5.4.0/../../../../avr/lib/avr5\libm.a(modf.o)
                              c:/program files (x86)/atmel/studio/7.0/toolchain/avr8/avr8-gnu-toolchain/bin/../lib/gcc/avr/5.4.0/../../../../avr/lib/avr5\libm.a(exp.o) (modf)
c:/program files (x86)/atmel/studio/7.0/toolchain/avr8/avr8-gnu-toolchain/bin/../lib/gcc/avr/5.4.0/../../../../avr/lib/avr5\libm.a(divsf3.o)
                              c:/program files (x86)/atmel/studio/7.0/toolchain/avr8/avr8-gnu-toolchain/bin/../lib/gcc/avr/5.4.0/../../../../avr/lib/avr5\libm.a(inverse.o) (__divsf3)
c:/program files (x86)/atmel/studio/7.0/toolchain/avr8/avr8-gnu-toolchain/bin/../lib/gcc/avr/5.4.0/../../../../avr/lib/avr5\libm.a(divsf3x.o)
                              c:/program files (x86)/atmel/studio/7.0/toolchain/avr8/avr8-gnu-toolchain/bin/../lib/gcc/avr/5.4.0/../../../../avr/lib/avr5\libm.a(divsf3.o) (__divsf3x)
c:/program files (x86)/atmel/studio/7.0/toolchain/avr8/avr8-gnu-toolchain/bin/../lib/gcc/avr/5.4.0/../../../../avr/lib/avr5\libm.a(fp_mpack.o)
                              c:/program files (x86)/atmel/studio/7.0/toolchain/avr8/avr8-gnu-toolchain/bin/../lib/gcc/avr/5.4.0/../../../../avr/lib/avr5\libm.a(ldexp.o) (__fp_mpack)
c:/program files (x86)/atmel/studio/7.0/toolchain/avr8/avr8-gnu-toolchain/bin/../lib/gcc/avr/5.4.0/avr5\libgcc.a(_udivmodsi4.o)
                              HAL/IO/Display/LCD/LCD1602/LCD1602_4Bit/LCD1602_4Bit_Interface.o (__udivmodsi4)
c:/program files (x86)/atmel/studio/7.0/toolchain/avr8/avr8-gnu-toolchain/bin/../lib/gcc/avr/5.4.0/avr5\libgcc.a(_exit.o)
                              C:/Program Files (x86)/Atmel/Studio/7.0/Packs/atmel/ATmega_DFP/1.7.374/gcc/dev/atmega32a/avr5/crtatmega32a.o (exit)
c:/program files (x86)/atmel/studio/7.0/toolchain/avr8/avr8-gnu-toolchain/bin/../lib/gcc/avr/5.4.0/avr5\libgcc.a(_copy_data.o)
                              HAL/IO/Keypad/Keypad_Interface.o (__do_copy_data)
c:/program files (x86)/atmel/studio/7.0/toolchain/avr8/avr8-gnu-toolchain/bin/../lib/gcc/avr/5.4.0/avr5\libgcc.a(_clear_bss.o)
                              App/main.o (__do_clear_bss)

Allocating common symbols
Common symbol       size              file

CursorDirection     0x1               App/main.o
Character_Counter   0x4               App/main.o

Discarded input sections

 .data          0x00000000        0x0 C:/Program Files (x86)/Atmel/Studio/7.0/Packs/atmel/ATmega_DFP/1.7.374/gcc/dev/atmega32a/avr5/crtatmega32a.o
 .bss           0x00000000        0x0 C:/Program Files (x86)/Atmel/Studio/7.0/Packs/atmel/ATmega_DFP/1.7.374/gcc/dev/atmega32a/avr5/crtatmega32a.o
 .text          0x00000000        0x0 App/main.o
 .data          0x00000000        0x0 App/main.o
 .bss           0x00000000        0x0 App/main.o
 .text          0x00000000        0x0 HAL/IO/Buttons/Button0/Button0_Interface.o
 .data          0x00000000        0x0 HAL/IO/Buttons/Button0/Button0_Interface.o
 .bss           0x00000000        0x0 HAL/IO/Buttons/Button0/Button0_Interface.o
 .text.Button0_Initialize
                0x00000000       0x1a HAL/IO/Buttons/Button0/Button0_Interface.o
 .text.Button0_Read
                0x00000000       0x18 HAL/IO/Buttons/Button0/Button0_Interface.o
 .bss.Initialized.2356
                0x00000000        0x1 HAL/IO/Buttons/Button0/Button0_Interface.o
 .debug_info    0x00000000      0x194 HAL/IO/Buttons/Button0/Button0_Interface.o
 .debug_abbrev  0x00000000       0xbd HAL/IO/Buttons/Button0/Button0_Interface.o
 .debug_aranges
                0x00000000       0x28 HAL/IO/Buttons/Button0/Button0_Interface.o
 .debug_ranges  0x00000000       0x18 HAL/IO/Buttons/Button0/Button0_Interface.o
 .debug_line    0x00000000       0xc3 HAL/IO/Buttons/Button0/Button0_Interface.o
 .debug_str     0x00000000      0x286 HAL/IO/Buttons/Button0/Button0_Interface.o
 .comment       0x00000000       0x31 HAL/IO/Buttons/Button0/Button0_Interface.o
 .debug_frame   0x00000000       0x34 HAL/IO/Buttons/Button0/Button0_Interface.o
 .text          0x00000000        0x0 HAL/IO/Buttons/Button1/Button1_Interface.o
 .data          0x00000000        0x0 HAL/IO/Buttons/Button1/Button1_Interface.o
 .bss           0x00000000        0x0 HAL/IO/Buttons/Button1/Button1_Interface.o
 .text.Button1_Initialize
                0x00000000       0x1a HAL/IO/Buttons/Button1/Button1_Interface.o
 .text.Button1_Read
                0x00000000       0x18 HAL/IO/Buttons/Button1/Button1_Interface.o
 .bss.Initialized.2356
                0x00000000        0x1 HAL/IO/Buttons/Button1/Button1_Interface.o
 .debug_info    0x00000000      0x194 HAL/IO/Buttons/Button1/Button1_Interface.o
 .debug_abbrev  0x00000000       0xbd HAL/IO/Buttons/Button1/Button1_Interface.o
 .debug_aranges
                0x00000000       0x28 HAL/IO/Buttons/Button1/Button1_Interface.o
 .debug_ranges  0x00000000       0x18 HAL/IO/Buttons/Button1/Button1_Interface.o
 .debug_line    0x00000000       0xc3 HAL/IO/Buttons/Button1/Button1_Interface.o
 .debug_str     0x00000000      0x286 HAL/IO/Buttons/Button1/Button1_Interface.o
 .comment       0x00000000       0x31 HAL/IO/Buttons/Button1/Button1_Interface.o
 .debug_frame   0x00000000       0x34 HAL/IO/Buttons/Button1/Button1_Interface.o
 .text          0x00000000        0x0 HAL/IO/Buttons/Button2/Button2_Interface.o
 .data          0x00000000        0x0 HAL/IO/Buttons/Button2/Button2_Interface.o
 .bss           0x00000000        0x0 HAL/IO/Buttons/Button2/Button2_Interface.o
 .text.Button2_Initialize
                0x00000000       0x1a HAL/IO/Buttons/Button2/Button2_Interface.o
 .text.Button2_Read
                0x00000000       0x18 HAL/IO/Buttons/Button2/Button2_Interface.o
 .bss.Initialized.2356
                0x00000000        0x1 HAL/IO/Buttons/Button2/Button2_Interface.o
 .debug_info    0x00000000      0x194 HAL/IO/Buttons/Button2/Button2_Interface.o
 .debug_abbrev  0x00000000       0xbd HAL/IO/Buttons/Button2/Button2_Interface.o
 .debug_aranges
                0x00000000       0x28 HAL/IO/Buttons/Button2/Button2_Interface.o
 .debug_ranges  0x00000000       0x18 HAL/IO/Buttons/Button2/Button2_Interface.o
 .debug_line    0x00000000       0xc3 HAL/IO/Buttons/Button2/Button2_Interface.o
 .debug_str     0x00000000      0x286 HAL/IO/Buttons/Button2/Button2_Interface.o
 .comment       0x00000000       0x31 HAL/IO/Buttons/Button2/Button2_Interface.o
 .debug_frame   0x00000000       0x34 HAL/IO/Buttons/Button2/Button2_Interface.o
 .text          0x00000000        0x0 HAL/IO/Buzzer/Buzzer_Interface.o
 .data          0x00000000        0x0 HAL/IO/Buzzer/Buzzer_Interface.o
 .bss           0x00000000        0x0 HAL/IO/Buzzer/Buzzer_Interface.o
 .text.Buzzer_Initialize
                0x00000000       0x18 HAL/IO/Buzzer/Buzzer_Interface.o
 .text.Buzzer_On
                0x00000000       0x10 HAL/IO/Buzzer/Buzzer_Interface.o
 .text.Buzzer_Off
                0x00000000       0x10 HAL/IO/Buzzer/Buzzer_Interface.o
 .text.Buzzer_Toggle
                0x00000000        0xe HAL/IO/Buzzer/Buzzer_Interface.o
 .bss.Initialized.2360
                0x00000000        0x1 HAL/IO/Buzzer/Buzzer_Interface.o
 .debug_info    0x00000000      0x22b HAL/IO/Buzzer/Buzzer_Interface.o
 .debug_abbrev  0x00000000       0xa1 HAL/IO/Buzzer/Buzzer_Interface.o
 .debug_aranges
                0x00000000       0x38 HAL/IO/Buzzer/Buzzer_Interface.o
 .debug_ranges  0x00000000       0x28 HAL/IO/Buzzer/Buzzer_Interface.o
 .debug_line    0x00000000       0xeb HAL/IO/Buzzer/Buzzer_Interface.o
 .debug_str     0x00000000      0x2b5 HAL/IO/Buzzer/Buzzer_Interface.o
 .comment       0x00000000       0x31 HAL/IO/Buzzer/Buzzer_Interface.o
 .debug_frame   0x00000000       0x54 HAL/IO/Buzzer/Buzzer_Interface.o
 .text          0x00000000        0x0 HAL/IO/Display/LCD/LCD1602/LCD1602_4Bit/LCD1602_4Bit_Interface.o
 .data          0x00000000        0x0 HAL/IO/Display/LCD/LCD1602/LCD1602_4Bit/LCD1602_4Bit_Interface.o
 .bss           0x00000000        0x0 HAL/IO/Display/LCD/LCD1602/LCD1602_4Bit/LCD1602_4Bit_Interface.o
 .text.LCD_Display_String
                0x00000000       0x26 HAL/IO/Display/LCD/LCD1602/LCD1602_4Bit/LCD1602_4Bit_Interface.o
 .text.LCD_Reverse_String
                0x00000000       0x26 HAL/IO/Display/LCD/LCD1602/LCD1602_4Bit/LCD1602_4Bit_Interface.o
 .text.LCD_IntToString
                0x00000000       0x72 HAL/IO/Display/LCD/LCD1602/LCD1602_4Bit/LCD1602_4Bit_Interface.o
 .text.LCD_Display_Number
                0x00000000       0x3a HAL/IO/Display/LCD/LCD1602/LCD1602_4Bit/LCD1602_4Bit_Interface.o
 .text.LCD_FloatToString
                0x00000000       0xbc HAL/IO/Display/LCD/LCD1602/LCD1602_4Bit/LCD1602_4Bit_Interface.o
 .text.LCD_Display_FloatNumber
                0x00000000       0x3a HAL/IO/Display/LCD/LCD1602/LCD1602_4Bit/LCD1602_4Bit_Interface.o
 .text.LCD_Display_Location
                0x00000000       0x78 HAL/IO/Display/LCD/LCD1602/LCD1602_4Bit/LCD1602_4Bit_Interface.o
 .text.LCD_Send_Special
                0x00000000       0x5e HAL/IO/Display/LCD/LCD1602/LCD1602_4Bit/LCD1602_4Bit_Interface.o
 .text.LCD_Store_Special
                0x00000000       0x6a HAL/IO/Display/LCD/LCD1602/LCD1602_4Bit/LCD1602_4Bit_Interface.o
 .text          0x00000000        0x0 HAL/IO/Display/LCD/LCD1602/LCD1602_8Bit/LCD1602_8Bit_Interface.o
 .data          0x00000000        0x0 HAL/IO/Display/LCD/LCD1602/LCD1602_8Bit/LCD1602_8Bit_Interface.o
 .bss           0x00000000        0x0 HAL/IO/Display/LCD/LCD1602/LCD1602_8Bit/LCD1602_8Bit_Interface.o
 .debug_info    0x00000000       0xa1 HAL/IO/Display/LCD/LCD1602/LCD1602_8Bit/LCD1602_8Bit_Interface.o
 .debug_abbrev  0x00000000       0x44 HAL/IO/Display/LCD/LCD1602/LCD1602_8Bit/LCD1602_8Bit_Interface.o
 .debug_aranges
                0x00000000       0x18 HAL/IO/Display/LCD/LCD1602/LCD1602_8Bit/LCD1602_8Bit_Interface.o
 .debug_line    0x00000000       0x84 HAL/IO/Display/LCD/LCD1602/LCD1602_8Bit/LCD1602_8Bit_Interface.o
 .debug_str     0x00000000      0x1e9 HAL/IO/Display/LCD/LCD1602/LCD1602_8Bit/LCD1602_8Bit_Interface.o
 .comment       0x00000000       0x31 HAL/IO/Display/LCD/LCD1602/LCD1602_8Bit/LCD1602_8Bit_Interface.o
 .text          0x00000000        0x0 HAL/IO/Display/Segments/SevenSegment/SevenSegment_Anode/SevenSegment_Anode_Interface.o
 .data          0x00000000        0x0 HAL/IO/Display/Segments/SevenSegment/SevenSegment_Anode/SevenSegment_Anode_Interface.o
 .bss           0x00000000        0x0 HAL/IO/Display/Segments/SevenSegment/SevenSegment_Anode/SevenSegment_Anode_Interface.o
 .debug_info    0x00000000       0x6b HAL/IO/Display/Segments/SevenSegment/SevenSegment_Anode/SevenSegment_Anode_Interface.o
 .debug_abbrev  0x00000000       0x26 HAL/IO/Display/Segments/SevenSegment/SevenSegment_Anode/SevenSegment_Anode_Interface.o
 .debug_aranges
                0x00000000       0x18 HAL/IO/Display/Segments/SevenSegment/SevenSegment_Anode/SevenSegment_Anode_Interface.o
 .debug_line    0x00000000       0x1a HAL/IO/Display/Segments/SevenSegment/SevenSegment_Anode/SevenSegment_Anode_Interface.o
 .debug_str     0x00000000      0x1d7 HAL/IO/Display/Segments/SevenSegment/SevenSegment_Anode/SevenSegment_Anode_Interface.o
 .comment       0x00000000       0x31 HAL/IO/Display/Segments/SevenSegment/SevenSegment_Anode/SevenSegment_Anode_Interface.o
 .text          0x00000000        0x0 HAL/IO/Display/Segments/SevenSegment/SevenSegment_BCD/SevenSegment_BCD_Interface.o
 .data          0x00000000        0x0 HAL/IO/Display/Segments/SevenSegment/SevenSegment_BCD/SevenSegment_BCD_Interface.o
 .bss           0x00000000        0x0 HAL/IO/Display/Segments/SevenSegment/SevenSegment_BCD/SevenSegment_BCD_Interface.o
 .text.SevenSegment_Initialize
                0x00000000       0x28 HAL/IO/Display/Segments/SevenSegment/SevenSegment_BCD/SevenSegment_BCD_Interface.o
 .text.SevenSegment_Enable_1
                0x00000000       0x10 HAL/IO/Display/Segments/SevenSegment/SevenSegment_BCD/SevenSegment_BCD_Interface.o
 .text.SevenSegment_Disable_1
                0x00000000       0x10 HAL/IO/Display/Segments/SevenSegment/SevenSegment_BCD/SevenSegment_BCD_Interface.o
 .text.SevenSegment_Enable_2
                0x00000000       0x10 HAL/IO/Display/Segments/SevenSegment/SevenSegment_BCD/SevenSegment_BCD_Interface.o
 .text.SevenSegment_Disable_2
                0x00000000       0x10 HAL/IO/Display/Segments/SevenSegment/SevenSegment_BCD/SevenSegment_BCD_Interface.o
 .text.SevenSegment_Enable_DP
                0x00000000       0x10 HAL/IO/Display/Segments/SevenSegment/SevenSegment_BCD/SevenSegment_BCD_Interface.o
 .text.SevenSegment_Disable_DP
                0x00000000       0x10 HAL/IO/Display/Segments/SevenSegment/SevenSegment_BCD/SevenSegment_BCD_Interface.o
 .text.SevenSegment_Display_Number
                0x00000000       0x72 HAL/IO/Display/Segments/SevenSegment/SevenSegment_BCD/SevenSegment_BCD_Interface.o
 .bss.Initialized.2368
                0x00000000        0x1 HAL/IO/Display/Segments/SevenSegment/SevenSegment_BCD/SevenSegment_BCD_Interface.o
 .debug_info    0x00000000      0x4ae HAL/IO/Display/Segments/SevenSegment/SevenSegment_BCD/SevenSegment_BCD_Interface.o
 .debug_abbrev  0x00000000      0x168 HAL/IO/Display/Segments/SevenSegment/SevenSegment_BCD/SevenSegment_BCD_Interface.o
 .debug_loc     0x00000000      0x176 HAL/IO/Display/Segments/SevenSegment/SevenSegment_BCD/SevenSegment_BCD_Interface.o
 .debug_aranges
                0x00000000       0x58 HAL/IO/Display/Segments/SevenSegment/SevenSegment_BCD/SevenSegment_BCD_Interface.o
 .debug_ranges  0x00000000       0x48 HAL/IO/Display/Segments/SevenSegment/SevenSegment_BCD/SevenSegment_BCD_Interface.o
 .debug_line    0x00000000      0x2c8 HAL/IO/Display/Segments/SevenSegment/SevenSegment_BCD/SevenSegment_BCD_Interface.o
 .debug_str     0x00000000      0x3b4 HAL/IO/Display/Segments/SevenSegment/SevenSegment_BCD/SevenSegment_BCD_Interface.o
 .comment       0x00000000       0x31 HAL/IO/Display/Segments/SevenSegment/SevenSegment_BCD/SevenSegment_BCD_Interface.o
 .debug_frame   0x00000000       0x9c HAL/IO/Display/Segments/SevenSegment/SevenSegment_BCD/SevenSegment_BCD_Interface.o
 .text          0x00000000        0x0 HAL/IO/Display/Segments/SevenSegment/SevenSegment_Cathode/SevenSegment_Cathode_Interface.o
 .data          0x00000000        0x0 HAL/IO/Display/Segments/SevenSegment/SevenSegment_Cathode/SevenSegment_Cathode_Interface.o
 .bss           0x00000000        0x0 HAL/IO/Display/Segments/SevenSegment/SevenSegment_Cathode/SevenSegment_Cathode_Interface.o
 .debug_info    0x00000000       0x6b HAL/IO/Display/Segments/SevenSegment/SevenSegment_Cathode/SevenSegment_Cathode_Interface.o
 .debug_abbrev  0x00000000       0x26 HAL/IO/Display/Segments/SevenSegment/SevenSegment_Cathode/SevenSegment_Cathode_Interface.o
 .debug_aranges
                0x00000000       0x18 HAL/IO/Display/Segments/SevenSegment/SevenSegment_Cathode/SevenSegment_Cathode_Interface.o
 .debug_line    0x00000000       0x1a HAL/IO/Display/Segments/SevenSegment/SevenSegment_Cathode/SevenSegment_Cathode_Interface.o
 .debug_str     0x00000000      0x1db HAL/IO/Display/Segments/SevenSegment/SevenSegment_Cathode/SevenSegment_Cathode_Interface.o
 .comment       0x00000000       0x31 HAL/IO/Display/Segments/SevenSegment/SevenSegment_Cathode/SevenSegment_Cathode_Interface.o
 .text          0x00000000        0x0 HAL/IO/Keypad/Keypad_Interface.o
 .data          0x00000000        0x0 HAL/IO/Keypad/Keypad_Interface.o
 .bss           0x00000000        0x0 HAL/IO/Keypad/Keypad_Interface.o
 .text.Keypad_Initialize
                0x00000000       0x3e HAL/IO/Keypad/Keypad_Interface.o
 .text.Keypad_Read
                0x00000000       0x84 HAL/IO/Keypad/Keypad_Interface.o
 .bss.Initialized.2357
                0x00000000        0x1 HAL/IO/Keypad/Keypad_Interface.o
 .rodata.Keypad_Characters
                0x00000000       0x10 HAL/IO/Keypad/Keypad_Interface.o
 .debug_info    0x00000000      0x373 HAL/IO/Keypad/Keypad_Interface.o
 .debug_abbrev  0x00000000      0x185 HAL/IO/Keypad/Keypad_Interface.o
 .debug_loc     0x00000000      0x116 HAL/IO/Keypad/Keypad_Interface.o
 .debug_aranges
                0x00000000       0x28 HAL/IO/Keypad/Keypad_Interface.o
 .debug_ranges  0x00000000       0x18 HAL/IO/Keypad/Keypad_Interface.o
 .debug_line    0x00000000      0x230 HAL/IO/Keypad/Keypad_Interface.o
 .debug_str     0x00000000      0x338 HAL/IO/Keypad/Keypad_Interface.o
 .comment       0x00000000       0x31 HAL/IO/Keypad/Keypad_Interface.o
 .debug_frame   0x00000000       0x44 HAL/IO/Keypad/Keypad_Interface.o
 .text          0x00000000        0x0 HAL/IO/LEDs/LED0/LED0_Interface.o
 .data          0x00000000        0x0 HAL/IO/LEDs/LED0/LED0_Interface.o
 .bss           0x00000000        0x0 HAL/IO/LEDs/LED0/LED0_Interface.o
 .text.LED0_Initialize
                0x00000000       0x1a HAL/IO/LEDs/LED0/LED0_Interface.o
 .text.LED0_On  0x00000000       0x10 HAL/IO/LEDs/LED0/LED0_Interface.o
 .text.LED0_Off
                0x00000000       0x10 HAL/IO/LEDs/LED0/LED0_Interface.o
 .text.LED0_Toggle
                0x00000000        0xe HAL/IO/LEDs/LED0/LED0_Interface.o
 .bss.Initialized.2360
                0x00000000        0x1 HAL/IO/LEDs/LED0/LED0_Interface.o
 .debug_info    0x00000000      0x230 HAL/IO/LEDs/LED0/LED0_Interface.o
 .debug_abbrev  0x00000000       0xa1 HAL/IO/LEDs/LED0/LED0_Interface.o
 .debug_aranges
                0x00000000       0x38 HAL/IO/LEDs/LED0/LED0_Interface.o
 .debug_ranges  0x00000000       0x28 HAL/IO/LEDs/LED0/LED0_Interface.o
 .debug_line    0x00000000       0xec HAL/IO/LEDs/LED0/LED0_Interface.o
 .debug_str     0x00000000      0x2ae HAL/IO/LEDs/LED0/LED0_Interface.o
 .comment       0x00000000       0x31 HAL/IO/LEDs/LED0/LED0_Interface.o
 .debug_frame   0x00000000       0x54 HAL/IO/LEDs/LED0/LED0_Interface.o
 .text          0x00000000        0x0 HAL/IO/LEDs/LED1/LED1_Interface.o
 .data          0x00000000        0x0 HAL/IO/LEDs/LED1/LED1_Interface.o
 .bss           0x00000000        0x0 HAL/IO/LEDs/LED1/LED1_Interface.o
 .text.LED1_Initialize
                0x00000000       0x1a HAL/IO/LEDs/LED1/LED1_Interface.o
 .text.LED1_On  0x00000000       0x10 HAL/IO/LEDs/LED1/LED1_Interface.o
 .text.LED1_Off
                0x00000000       0x10 HAL/IO/LEDs/LED1/LED1_Interface.o
 .text.LED1_Toggle
                0x00000000        0xe HAL/IO/LEDs/LED1/LED1_Interface.o
 .bss.Initialized.2360
                0x00000000        0x1 HAL/IO/LEDs/LED1/LED1_Interface.o
 .debug_info    0x00000000      0x230 HAL/IO/LEDs/LED1/LED1_Interface.o
 .debug_abbrev  0x00000000       0xa1 HAL/IO/LEDs/LED1/LED1_Interface.o
 .debug_aranges
                0x00000000       0x38 HAL/IO/LEDs/LED1/LED1_Interface.o
 .debug_ranges  0x00000000       0x28 HAL/IO/LEDs/LED1/LED1_Interface.o
 .debug_line    0x00000000       0xec HAL/IO/LEDs/LED1/LED1_Interface.o
 .debug_str     0x00000000      0x2ae HAL/IO/LEDs/LED1/LED1_Interface.o
 .comment       0x00000000       0x31 HAL/IO/LEDs/LED1/LED1_Interface.o
 .debug_frame   0x00000000       0x54 HAL/IO/LEDs/LED1/LED1_Interface.o
 .text          0x00000000        0x0 HAL/IO/LEDs/LED2/LED2_Interface.o
 .data          0x00000000        0x0 HAL/IO/LEDs/LED2/LED2_Interface.o
 .bss           0x00000000        0x0 HAL/IO/LEDs/LED2/LED2_Interface.o
 .text.LED2_Initialize
                0x00000000       0x1a HAL/IO/LEDs/LED2/LED2_Interface.o
 .text.LED2_On  0x00000000       0x10 HAL/IO/LEDs/LED2/LED2_Interface.o
 .text.LED2_Off
                0x00000000       0x10 HAL/IO/LEDs/LED2/LED2_Interface.o
 .text.LED2_Toggle
                0x00000000        0xe HAL/IO/LEDs/LED2/LED2_Interface.o
 .bss.Initialized.2360
                0x00000000        0x1 HAL/IO/LEDs/LED2/LED2_Interface.o
 .debug_info    0x00000000      0x230 HAL/IO/LEDs/LED2/LED2_Interface.o
 .debug_abbrev  0x00000000       0xa1 HAL/IO/LEDs/LED2/LED2_Interface.o
 .debug_aranges
                0x00000000       0x38 HAL/IO/LEDs/LED2/LED2_Interface.o
 .debug_ranges  0x00000000       0x28 HAL/IO/LEDs/LED2/LED2_Interface.o
 .debug_line    0x00000000       0xec HAL/IO/LEDs/LED2/LED2_Interface.o
 .debug_str     0x00000000      0x2ae HAL/IO/LEDs/LED2/LED2_Interface.o
 .comment       0x00000000       0x31 HAL/IO/LEDs/LED2/LED2_Interface.o
 .debug_frame   0x00000000       0x54 HAL/IO/LEDs/LED2/LED2_Interface.o
 .text          0x00000000        0x0 HAL/IO/Relay/Relay_Interface.o
 .data          0x00000000        0x0 HAL/IO/Relay/Relay_Interface.o
 .bss           0x00000000        0x0 HAL/IO/Relay/Relay_Interface.o
 .text.Relay_Initialize
                0x00000000       0x18 HAL/IO/Relay/Relay_Interface.o
 .text.Relay_On
                0x00000000       0x10 HAL/IO/Relay/Relay_Interface.o
 .text.Relay_Off
                0x00000000       0x10 HAL/IO/Relay/Relay_Interface.o
 .text.Relay_Toggle
                0x00000000        0xe HAL/IO/Relay/Relay_Interface.o
 .bss.Initialized.2360
                0x00000000        0x1 HAL/IO/Relay/Relay_Interface.o
 .debug_info    0x00000000      0x22b HAL/IO/Relay/Relay_Interface.o
 .debug_abbrev  0x00000000       0xa1 HAL/IO/Relay/Relay_Interface.o
 .debug_aranges
                0x00000000       0x38 HAL/IO/Relay/Relay_Interface.o
 .debug_ranges  0x00000000       0x28 HAL/IO/Relay/Relay_Interface.o
 .debug_line    0x00000000       0xe9 HAL/IO/Relay/Relay_Interface.o
 .debug_str     0x00000000      0x2af HAL/IO/Relay/Relay_Interface.o
 .comment       0x00000000       0x31 HAL/IO/Relay/Relay_Interface.o
 .debug_frame   0x00000000       0x54 HAL/IO/Relay/Relay_Interface.o
 .text          0x00000000        0x0 MCAL/DIO/DIO_Interface.o
 .data          0x00000000        0x0 MCAL/DIO/DIO_Interface.o
 .bss           0x00000000        0x0 MCAL/DIO/DIO_Interface.o
 .text.DIO_SetPinDirection
                0x00000000       0xda MCAL/DIO/DIO_Interface.o
 .text.DIO_TogglePinValue
                0x00000000       0x68 MCAL/DIO/DIO_Interface.o
 .text.DIO_GetPinValue
                0x00000000       0x64 MCAL/DIO/DIO_Interface.o
 .text.DIO_SetPinPullUp
                0x00000000       0x68 MCAL/DIO/DIO_Interface.o
 .text.DIO_SetNibbleDirection
                0x00000000        0x2 MCAL/DIO/DIO_Interface.o
 .text.DIO_SetNibbleValue
                0x00000000        0x2 MCAL/DIO/DIO_Interface.o
 .text.DIO_WriteNibbleDirection
                0x00000000        0x2 MCAL/DIO/DIO_Interface.o
 .text.DIO_WriteNibbleValue
                0x00000000        0x2 MCAL/DIO/DIO_Interface.o
 .text.DIO_ToggleNibbleValue
                0x00000000        0x2 MCAL/DIO/DIO_Interface.o
 .text.DIO_GetNibbleValue
                0x00000000        0x2 MCAL/DIO/DIO_Interface.o
 .text.DIO_SetNibblePullUp
                0x00000000        0x2 MCAL/DIO/DIO_Interface.o
 .text.DIO_WriteNibblePullUp
                0x00000000        0x2 MCAL/DIO/DIO_Interface.o
 .text.DIO_SetPortDirection
                0x00000000       0x48 MCAL/DIO/DIO_Interface.o
 .text.DIO_SetPortValue
                0x00000000       0x48 MCAL/DIO/DIO_Interface.o
 .text.DIO_TogglePortValue
                0x00000000       0x30 MCAL/DIO/DIO_Interface.o
 .text.DIO_GetPortValue
                0x00000000       0x24 MCAL/DIO/DIO_Interface.o
 .text.DIO_SetPortPullUp
                0x00000000       0x28 MCAL/DIO/DIO_Interface.o
 .text.DIO_WritePortPullUp
                0x00000000       0x56 MCAL/DIO/DIO_Interface.o
 .text          0x00000000        0x0 MCAL/Interrupt/Interrupt_Interface.o
 .data          0x00000000        0x0 MCAL/Interrupt/Interrupt_Interface.o
 .bss           0x00000000        0x0 MCAL/Interrupt/Interrupt_Interface.o
 .text          0x00000000        0x0 c:/program files (x86)/atmel/studio/7.0/toolchain/avr8/avr8-gnu-toolchain/bin/../lib/gcc/avr/5.4.0/../../../../avr/lib/avr5\libm.a(addsf3.o)
 .data          0x00000000        0x0 c:/program files (x86)/atmel/studio/7.0/toolchain/avr8/avr8-gnu-toolchain/bin/../lib/gcc/avr/5.4.0/../../../../avr/lib/avr5\libm.a(addsf3.o)
 .bss           0x00000000        0x0 c:/program files (x86)/atmel/studio/7.0/toolchain/avr8/avr8-gnu-toolchain/bin/../lib/gcc/avr/5.4.0/../../../../avr/lib/avr5\libm.a(addsf3.o)
 .text.avr-libc.fplib
                0x00000000        0xe c:/program files (x86)/atmel/studio/7.0/toolchain/avr8/avr8-gnu-toolchain/bin/../lib/gcc/avr/5.4.0/../../../../avr/lib/avr5\libm.a(addsf3.o)
 .text          0x00000000        0x0 c:/program files (x86)/atmel/studio/7.0/toolchain/avr8/avr8-gnu-toolchain/bin/../lib/gcc/avr/5.4.0/../../../../avr/lib/avr5\libm.a(addsf3x.o)
 .data          0x00000000        0x0 c:/program files (x86)/atmel/studio/7.0/toolchain/avr8/avr8-gnu-toolchain/bin/../lib/gcc/avr/5.4.0/../../../../avr/lib/avr5\libm.a(addsf3x.o)
 .bss           0x00000000        0x0 c:/program files (x86)/atmel/studio/7.0/toolchain/avr8/avr8-gnu-toolchain/bin/../lib/gcc/avr/5.4.0/../../../../avr/lib/avr5\libm.a(addsf3x.o)
 .text.avr-libc.fplib
                0x00000000       0xcc c:/program files (x86)/atmel/studio/7.0/toolchain/avr8/avr8-gnu-toolchain/bin/../lib/gcc/avr/5.4.0/../../../../avr/lib/avr5\libm.a(addsf3x.o)
 .text          0x00000000        0x0 c:/program files (x86)/atmel/studio/7.0/toolchain/avr8/avr8-gnu-toolchain/bin/../lib/gcc/avr/5.4.0/../../../../avr/lib/avr5\libm.a(fixsfdi.o)
 .data          0x00000000        0x0 c:/program files (x86)/atmel/studio/7.0/toolchain/avr8/avr8-gnu-toolchain/bin/../lib/gcc/avr/5.4.0/../../../../avr/lib/avr5\libm.a(fixsfdi.o)
 .bss           0x00000000        0x0 c:/program files (x86)/atmel/studio/7.0/toolchain/avr8/avr8-gnu-toolchain/bin/../lib/gcc/avr/5.4.0/../../../../avr/lib/avr5\libm.a(fixsfdi.o)
 .text.avr-libc.fplib
                0x00000000       0x78 c:/program files (x86)/atmel/studio/7.0/toolchain/avr8/avr8-gnu-toolchain/bin/../lib/gcc/avr/5.4.0/../../../../avr/lib/avr5\libm.a(fixsfdi.o)
 .text          0x00000000        0x0 c:/program files (x86)/atmel/studio/7.0/toolchain/avr8/avr8-gnu-toolchain/bin/../lib/gcc/avr/5.4.0/../../../../avr/lib/avr5\libm.a(fixunssfsi.o)
 .data          0x00000000        0x0 c:/program files (x86)/atmel/studio/7.0/toolchain/avr8/avr8-gnu-toolchain/bin/../lib/gcc/avr/5.4.0/../../../../avr/lib/avr5\libm.a(fixunssfsi.o)
 .bss           0x00000000        0x0 c:/program files (x86)/atmel/studio/7.0/toolchain/avr8/avr8-gnu-toolchain/bin/../lib/gcc/avr/5.4.0/../../../../avr/lib/avr5\libm.a(fixunssfsi.o)
 .text.avr-libc.fplib
                0x00000000       0x5e c:/program files (x86)/atmel/studio/7.0/toolchain/avr8/avr8-gnu-toolchain/bin/../lib/gcc/avr/5.4.0/../../../../avr/lib/avr5\libm.a(fixunssfsi.o)
 .text          0x00000000        0x0 c:/program files (x86)/atmel/studio/7.0/toolchain/avr8/avr8-gnu-toolchain/bin/../lib/gcc/avr/5.4.0/../../../../avr/lib/avr5\libm.a(floatsisf.o)
 .data          0x00000000        0x0 c:/program files (x86)/atmel/studio/7.0/toolchain/avr8/avr8-gnu-toolchain/bin/../lib/gcc/avr/5.4.0/../../../../avr/lib/avr5\libm.a(floatsisf.o)
 .bss           0x00000000        0x0 c:/program files (x86)/atmel/studio/7.0/toolchain/avr8/avr8-gnu-toolchain/bin/../lib/gcc/avr/5.4.0/../../../../avr/lib/avr5\libm.a(floatsisf.o)
 .text.avr-libc.fplib
                0x00000000       0x7a c:/program files (x86)/atmel/studio/7.0/toolchain/avr8/avr8-gnu-toolchain/bin/../lib/gcc/avr/5.4.0/../../../../avr/lib/avr5\libm.a(floatsisf.o)
 .text          0x00000000        0x0 c:/program files (x86)/atmel/studio/7.0/toolchain/avr8/avr8-gnu-toolchain/bin/../lib/gcc/avr/5.4.0/../../../../avr/lib/avr5\libm.a(fp_inf.o)
 .data          0x00000000        0x0 c:/program files (x86)/atmel/studio/7.0/toolchain/avr8/avr8-gnu-toolchain/bin/../lib/gcc/avr/5.4.0/../../../../avr/lib/avr5\libm.a(fp_inf.o)
 .bss           0x00000000        0x0 c:/program files (x86)/atmel/studio/7.0/toolchain/avr8/avr8-gnu-toolchain/bin/../lib/gcc/avr/5.4.0/../../../../avr/lib/avr5\libm.a(fp_inf.o)
 .text.avr-libc.fplib
                0x00000000        0xc c:/program files (x86)/atmel/studio/7.0/toolchain/avr8/avr8-gnu-toolchain/bin/../lib/gcc/avr/5.4.0/../../../../avr/lib/avr5\libm.a(fp_inf.o)
 .text          0x00000000        0x0 c:/program files (x86)/atmel/studio/7.0/toolchain/avr8/avr8-gnu-toolchain/bin/../lib/gcc/avr/5.4.0/../../../../avr/lib/avr5\libm.a(fp_nan.o)
 .data          0x00000000        0x0 c:/program files (x86)/atmel/studio/7.0/toolchain/avr8/avr8-gnu-toolchain/bin/../lib/gcc/avr/5.4.0/../../../../avr/lib/avr5\libm.a(fp_nan.o)
 .bss           0x00000000        0x0 c:/program files (x86)/atmel/studio/7.0/toolchain/avr8/avr8-gnu-toolchain/bin/../lib/gcc/avr/5.4.0/../../../../avr/lib/avr5\libm.a(fp_nan.o)
 .text.avr-libc.fplib
                0x00000000        0x6 c:/program files (x86)/atmel/studio/7.0/toolchain/avr8/avr8-gnu-toolchain/bin/../lib/gcc/avr/5.4.0/../../../../avr/lib/avr5\libm.a(fp_nan.o)
 .text          0x00000000        0x0 c:/program files (x86)/atmel/studio/7.0/toolchain/avr8/avr8-gnu-toolchain/bin/../lib/gcc/avr/5.4.0/../../../../avr/lib/avr5\libm.a(fp_negdi.o)
 .data          0x00000000        0x0 c:/program files (x86)/atmel/studio/7.0/toolchain/avr8/avr8-gnu-toolchain/bin/../lib/gcc/avr/5.4.0/../../../../avr/lib/avr5\libm.a(fp_negdi.o)
 .bss           0x00000000        0x0 c:/program files (x86)/atmel/studio/7.0/toolchain/avr8/avr8-gnu-toolchain/bin/../lib/gcc/avr/5.4.0/../../../../avr/lib/avr5\libm.a(fp_negdi.o)
 .text.avr-libc.fplib
                0x00000000       0x20 c:/program files (x86)/atmel/studio/7.0/toolchain/avr8/avr8-gnu-toolchain/bin/../lib/gcc/avr/5.4.0/../../../../avr/lib/avr5\libm.a(fp_negdi.o)
 .text          0x00000000        0x0 c:/program files (x86)/atmel/studio/7.0/toolchain/avr8/avr8-gnu-toolchain/bin/../lib/gcc/avr/5.4.0/../../../../avr/lib/avr5\libm.a(fp_pscA.o)
 .data          0x00000000        0x0 c:/program files (x86)/atmel/studio/7.0/toolchain/avr8/avr8-gnu-toolchain/bin/../lib/gcc/avr/5.4.0/../../../../avr/lib/avr5\libm.a(fp_pscA.o)
 .bss           0x00000000        0x0 c:/program files (x86)/atmel/studio/7.0/toolchain/avr8/avr8-gnu-toolchain/bin/../lib/gcc/avr/5.4.0/../../../../avr/lib/avr5\libm.a(fp_pscA.o)
 .text.avr-libc.fplib
                0x00000000        0xe c:/program files (x86)/atmel/studio/7.0/toolchain/avr8/avr8-gnu-toolchain/bin/../lib/gcc/avr/5.4.0/../../../../avr/lib/avr5\libm.a(fp_pscA.o)
 .text          0x00000000        0x0 c:/program files (x86)/atmel/studio/7.0/toolchain/avr8/avr8-gnu-toolchain/bin/../lib/gcc/avr/5.4.0/../../../../avr/lib/avr5\libm.a(fp_pscB.o)
 .data          0x00000000        0x0 c:/program files (x86)/atmel/studio/7.0/toolchain/avr8/avr8-gnu-toolchain/bin/../lib/gcc/avr/5.4.0/../../../../avr/lib/avr5\libm.a(fp_pscB.o)
 .bss           0x00000000        0x0 c:/program files (x86)/atmel/studio/7.0/toolchain/avr8/avr8-gnu-toolchain/bin/../lib/gcc/avr/5.4.0/../../../../avr/lib/avr5\libm.a(fp_pscB.o)
 .text.avr-libc.fplib
                0x00000000        0xe c:/program files (x86)/atmel/studio/7.0/toolchain/avr8/avr8-gnu-toolchain/bin/../lib/gcc/avr/5.4.0/../../../../avr/lib/avr5\libm.a(fp_pscB.o)
 .text          0x00000000        0x0 c:/program files (x86)/atmel/studio/7.0/toolchain/avr8/avr8-gnu-toolchain/bin/../lib/gcc/avr/5.4.0/../../../../avr/lib/avr5\libm.a(fp_round.o)
 .data          0x00000000        0x0 c:/program files (x86)/atmel/studio/7.0/toolchain/avr8/avr8-gnu-toolchain/bin/../lib/gcc/avr/5.4.0/../../../../avr/lib/avr5\libm.a(fp_round.o)
 .bss           0x00000000        0x0 c:/program files (x86)/atmel/studio/7.0/toolchain/avr8/avr8-gnu-toolchain/bin/../lib/gcc/avr/5.4.0/../../../../avr/lib/avr5\libm.a(fp_round.o)
 .text.avr-libc.fplib
                0x00000000       0x22 c:/program files (x86)/atmel/studio/7.0/toolchain/avr8/avr8-gnu-toolchain/bin/../lib/gcc/avr/5.4.0/../../../../avr/lib/avr5\libm.a(fp_round.o)
 .text          0x00000000        0x0 c:/program files (x86)/atmel/studio/7.0/toolchain/avr8/avr8-gnu-toolchain/bin/../lib/gcc/avr/5.4.0/../../../../avr/lib/avr5\libm.a(fp_split3.o)
 .data          0x00000000        0x0 c:/program files (x86)/atmel/studio/7.0/toolchain/avr8/avr8-gnu-toolchain/bin/../lib/gcc/avr/5.4.0/../../../../avr/lib/avr5\libm.a(fp_split3.o)
 .bss           0x00000000        0x0 c:/program files (x86)/atmel/studio/7.0/toolchain/avr8/avr8-gnu-toolchain/bin/../lib/gcc/avr/5.4.0/../../../../avr/lib/avr5\libm.a(fp_split3.o)
 .text.avr-libc.fplib
                0x00000000       0x44 c:/program files (x86)/atmel/studio/7.0/toolchain/avr8/avr8-gnu-toolchain/bin/../lib/gcc/avr/5.4.0/../../../../avr/lib/avr5\libm.a(fp_split3.o)
 .text          0x00000000        0x0 c:/program files (x86)/atmel/studio/7.0/toolchain/avr8/avr8-gnu-toolchain/bin/../lib/gcc/avr/5.4.0/../../../../avr/lib/avr5\libm.a(fp_zero.o)
 .data          0x00000000        0x0 c:/program files (x86)/atmel/studio/7.0/toolchain/avr8/avr8-gnu-toolchain/bin/../lib/gcc/avr/5.4.0/../../../../avr/lib/avr5\libm.a(fp_zero.o)
 .bss           0x00000000        0x0 c:/program files (x86)/atmel/studio/7.0/toolchain/avr8/avr8-gnu-toolchain/bin/../lib/gcc/avr/5.4.0/../../../../avr/lib/avr5\libm.a(fp_zero.o)
 .text.avr-libc.fplib
                0x00000000        0xe c:/program files (x86)/atmel/studio/7.0/toolchain/avr8/avr8-gnu-toolchain/bin/../lib/gcc/avr/5.4.0/../../../../avr/lib/avr5\libm.a(fp_zero.o)
 .text          0x00000000        0x0 c:/program files (x86)/atmel/studio/7.0/toolchain/avr8/avr8-gnu-toolchain/bin/../lib/gcc/avr/5.4.0/../../../../avr/lib/avr5\libm.a(mulsf3.o)
 .data          0x00000000        0x0 c:/program files (x86)/atmel/studio/7.0/toolchain/avr8/avr8-gnu-toolchain/bin/../lib/gcc/avr/5.4.0/../../../../avr/lib/avr5\libm.a(mulsf3.o)
 .bss           0x00000000        0x0 c:/program files (x86)/atmel/studio/7.0/toolchain/avr8/avr8-gnu-toolchain/bin/../lib/gcc/avr/5.4.0/../../../../avr/lib/avr5\libm.a(mulsf3.o)
 .text.avr-libc.fplib
                0x00000000        0x8 c:/program files (x86)/atmel/studio/7.0/toolchain/avr8/avr8-gnu-toolchain/bin/../lib/gcc/avr/5.4.0/../../../../avr/lib/avr5\libm.a(mulsf3.o)
 .text          0x00000000        0x0 c:/program files (x86)/atmel/studio/7.0/toolchain/avr8/avr8-gnu-toolchain/bin/../lib/gcc/avr/5.4.0/../../../../avr/lib/avr5\libm.a(mulsf3x.o)
 .data          0x00000000        0x0 c:/program files (x86)/atmel/studio/7.0/toolchain/avr8/avr8-gnu-toolchain/bin/../lib/gcc/avr/5.4.0/../../../../avr/lib/avr5\libm.a(mulsf3x.o)
 .bss           0x00000000        0x0 c:/program files (x86)/atmel/studio/7.0/toolchain/avr8/avr8-gnu-toolchain/bin/../lib/gcc/avr/5.4.0/../../../../avr/lib/avr5\libm.a(mulsf3x.o)
 .text.avr-libc.fplib
                0x00000000       0xd2 c:/program files (x86)/atmel/studio/7.0/toolchain/avr8/avr8-gnu-toolchain/bin/../lib/gcc/avr/5.4.0/../../../../avr/lib/avr5\libm.a(mulsf3x.o)
 .text          0x00000000        0x0 c:/program files (x86)/atmel/studio/7.0/toolchain/avr8/avr8-gnu-toolchain/bin/../lib/gcc/avr/5.4.0/../../../../avr/lib/avr5\libm.a(pow.o)
 .data          0x00000000        0x0 c:/program files (x86)/atmel/studio/7.0/toolchain/avr8/avr8-gnu-toolchain/bin/../lib/gcc/avr/5.4.0/../../../../avr/lib/avr5\libm.a(pow.o)
 .bss           0x00000000        0x0 c:/program files (x86)/atmel/studio/7.0/toolchain/avr8/avr8-gnu-toolchain/bin/../lib/gcc/avr/5.4.0/../../../../avr/lib/avr5\libm.a(pow.o)
 .text.avr-libc.fplib
                0x00000000       0xa0 c:/program files (x86)/atmel/studio/7.0/toolchain/avr8/avr8-gnu-toolchain/bin/../lib/gcc/avr/5.4.0/../../../../avr/lib/avr5\libm.a(pow.o)
 .text          0x00000000        0x0 c:/program files (x86)/atmel/studio/7.0/toolchain/avr8/avr8-gnu-toolchain/bin/../lib/gcc/avr/5.4.0/../../../../avr/lib/avr5\libm.a(exp.o)
 .data          0x00000000        0x0 c:/program files (x86)/atmel/studio/7.0/toolchain/avr8/avr8-gnu-toolchain/bin/../lib/gcc/avr/5.4.0/../../../../avr/lib/avr5\libm.a(exp.o)
 .bss           0x00000000        0x0 c:/program files (x86)/atmel/studio/7.0/toolchain/avr8/avr8-gnu-toolchain/bin/../lib/gcc/avr/5.4.0/../../../../avr/lib/avr5\libm.a(exp.o)
 .text.avr-libc.fplib
                0x00000000       0x74 c:/program files (x86)/atmel/studio/7.0/toolchain/avr8/avr8-gnu-toolchain/bin/../lib/gcc/avr/5.4.0/../../../../avr/lib/avr5\libm.a(exp.o)
 .progmem.gcc_fplib
                0x00000000       0x28 c:/program files (x86)/atmel/studio/7.0/toolchain/avr8/avr8-gnu-toolchain/bin/../lib/gcc/avr/5.4.0/../../../../avr/lib/avr5\libm.a(exp.o)
 .text          0x00000000        0x0 c:/program files (x86)/atmel/studio/7.0/toolchain/avr8/avr8-gnu-toolchain/bin/../lib/gcc/avr/5.4.0/../../../../avr/lib/avr5\libm.a(fp_powser.o)
 .data          0x00000000        0x0 c:/program files (x86)/atmel/studio/7.0/toolchain/avr8/avr8-gnu-toolchain/bin/../lib/gcc/avr/5.4.0/../../../../avr/lib/avr5\libm.a(fp_powser.o)
 .bss           0x00000000        0x0 c:/program files (x86)/atmel/studio/7.0/toolchain/avr8/avr8-gnu-toolchain/bin/../lib/gcc/avr/5.4.0/../../../../avr/lib/avr5\libm.a(fp_powser.o)
 .text.avr-libc.fplib
                0x00000000       0x4e c:/program files (x86)/atmel/studio/7.0/toolchain/avr8/avr8-gnu-toolchain/bin/../lib/gcc/avr/5.4.0/../../../../avr/lib/avr5\libm.a(fp_powser.o)
 .text          0x00000000        0x0 c:/program files (x86)/atmel/studio/7.0/toolchain/avr8/avr8-gnu-toolchain/bin/../lib/gcc/avr/5.4.0/../../../../avr/lib/avr5\libm.a(inverse.o)
 .data          0x00000000        0x0 c:/program files (x86)/atmel/studio/7.0/toolchain/avr8/avr8-gnu-toolchain/bin/../lib/gcc/avr/5.4.0/../../../../avr/lib/avr5\libm.a(inverse.o)
 .bss           0x00000000        0x0 c:/program files (x86)/atmel/studio/7.0/toolchain/avr8/avr8-gnu-toolchain/bin/../lib/gcc/avr/5.4.0/../../../../avr/lib/avr5\libm.a(inverse.o)
 .text.avr-libc.fplib
                0x00000000       0x10 c:/program files (x86)/atmel/studio/7.0/toolchain/avr8/avr8-gnu-toolchain/bin/../lib/gcc/avr/5.4.0/../../../../avr/lib/avr5\libm.a(inverse.o)
 .text          0x00000000        0x0 c:/program files (x86)/atmel/studio/7.0/toolchain/avr8/avr8-gnu-toolchain/bin/../lib/gcc/avr/5.4.0/../../../../avr/lib/avr5\libm.a(ldexp.o)
 .data          0x00000000        0x0 c:/program files (x86)/atmel/studio/7.0/toolchain/avr8/avr8-gnu-toolchain/bin/../lib/gcc/avr/5.4.0/../../../../avr/lib/avr5\libm.a(ldexp.o)
 .bss           0x00000000        0x0 c:/program files (x86)/atmel/studio/7.0/toolchain/avr8/avr8-gnu-toolchain/bin/../lib/gcc/avr/5.4.0/../../../../avr/lib/avr5\libm.a(ldexp.o)
 .text.avr-libc.fplib
                0x00000000       0x74 c:/program files (x86)/atmel/studio/7.0/toolchain/avr8/avr8-gnu-toolchain/bin/../lib/gcc/avr/5.4.0/../../../../avr/lib/avr5\libm.a(ldexp.o)
 .text          0x00000000        0x0 c:/program files (x86)/atmel/studio/7.0/toolchain/avr8/avr8-gnu-toolchain/bin/../lib/gcc/avr/5.4.0/../../../../avr/lib/avr5\libm.a(log.o)
 .data          0x00000000        0x0 c:/program files (x86)/atmel/studio/7.0/toolchain/avr8/avr8-gnu-toolchain/bin/../lib/gcc/avr/5.4.0/../../../../avr/lib/avr5\libm.a(log.o)
 .bss           0x00000000        0x0 c:/program files (x86)/atmel/studio/7.0/toolchain/avr8/avr8-gnu-toolchain/bin/../lib/gcc/avr/5.4.0/../../../../avr/lib/avr5\libm.a(log.o)
 .text.avr-libc.fplib
                0x00000000       0xa0 c:/program files (x86)/atmel/studio/7.0/toolchain/avr8/avr8-gnu-toolchain/bin/../lib/gcc/avr/5.4.0/../../../../avr/lib/avr5\libm.a(log.o)
 .progmem.gcc_fplib
                0x00000000       0x5a c:/program files (x86)/atmel/studio/7.0/toolchain/avr8/avr8-gnu-toolchain/bin/../lib/gcc/avr/5.4.0/../../../../avr/lib/avr5\libm.a(log.o)
 .text          0x00000000        0x0 c:/program files (x86)/atmel/studio/7.0/toolchain/avr8/avr8-gnu-toolchain/bin/../lib/gcc/avr/5.4.0/../../../../avr/lib/avr5\libm.a(modf.o)
 .data          0x00000000        0x0 c:/program files (x86)/atmel/studio/7.0/toolchain/avr8/avr8-gnu-toolchain/bin/../lib/gcc/avr/5.4.0/../../../../avr/lib/avr5\libm.a(modf.o)
 .bss           0x00000000        0x0 c:/program files (x86)/atmel/studio/7.0/toolchain/avr8/avr8-gnu-toolchain/bin/../lib/gcc/avr/5.4.0/../../../../avr/lib/avr5\libm.a(modf.o)
 .text.avr-libc.fplib
                0x00000000       0x68 c:/program files (x86)/atmel/studio/7.0/toolchain/avr8/avr8-gnu-toolchain/bin/../lib/gcc/avr/5.4.0/../../../../avr/lib/avr5\libm.a(modf.o)
 .text          0x00000000        0x0 c:/program files (x86)/atmel/studio/7.0/toolchain/avr8/avr8-gnu-toolchain/bin/../lib/gcc/avr/5.4.0/../../../../avr/lib/avr5\libm.a(divsf3.o)
 .data          0x00000000        0x0 c:/program files (x86)/atmel/studio/7.0/toolchain/avr8/avr8-gnu-toolchain/bin/../lib/gcc/avr/5.4.0/../../../../avr/lib/avr5\libm.a(divsf3.o)
 .bss           0x00000000        0x0 c:/program files (x86)/atmel/studio/7.0/toolchain/avr8/avr8-gnu-toolchain/bin/../lib/gcc/avr/5.4.0/../../../../avr/lib/avr5\libm.a(divsf3.o)
 .text.avr-libc.fplib
                0x00000000        0x8 c:/program files (x86)/atmel/studio/7.0/toolchain/avr8/avr8-gnu-toolchain/bin/../lib/gcc/avr/5.4.0/../../../../avr/lib/avr5\libm.a(divsf3.o)
 .text          0x00000000        0x0 c:/program files (x86)/atmel/studio/7.0/toolchain/avr8/avr8-gnu-toolchain/bin/../lib/gcc/avr/5.4.0/../../../../avr/lib/avr5\libm.a(divsf3x.o)
 .data          0x00000000        0x0 c:/program files (x86)/atmel/studio/7.0/toolchain/avr8/avr8-gnu-toolchain/bin/../lib/gcc/avr/5.4.0/../../../../avr/lib/avr5\libm.a(divsf3x.o)
 .bss           0x00000000        0x0 c:/program files (x86)/atmel/studio/7.0/toolchain/avr8/avr8-gnu-toolchain/bin/../lib/gcc/avr/5.4.0/../../../../avr/lib/avr5\libm.a(divsf3x.o)
 .text.avr-libc.fplib
                0x00000000       0xdc c:/program files (x86)/atmel/studio/7.0/toolchain/avr8/avr8-gnu-toolchain/bin/../lib/gcc/avr/5.4.0/../../../../avr/lib/avr5\libm.a(divsf3x.o)
 .text          0x00000000        0x0 c:/program files (x86)/atmel/studio/7.0/toolchain/avr8/avr8-gnu-toolchain/bin/../lib/gcc/avr/5.4.0/../../../../avr/lib/avr5\libm.a(fp_mpack.o)
 .data          0x00000000        0x0 c:/program files (x86)/atmel/studio/7.0/toolchain/avr8/avr8-gnu-toolchain/bin/../lib/gcc/avr/5.4.0/../../../../avr/lib/avr5\libm.a(fp_mpack.o)
 .bss           0x00000000        0x0 c:/program files (x86)/atmel/studio/7.0/toolchain/avr8/avr8-gnu-toolchain/bin/../lib/gcc/avr/5.4.0/../../../../avr/lib/avr5\libm.a(fp_mpack.o)
 .text.avr-libc.fplib
                0x00000000       0x1c c:/program files (x86)/atmel/studio/7.0/toolchain/avr8/avr8-gnu-toolchain/bin/../lib/gcc/avr/5.4.0/../../../../avr/lib/avr5\libm.a(fp_mpack.o)
 .text          0x00000000        0x0 c:/program files (x86)/atmel/studio/7.0/toolchain/avr8/avr8-gnu-toolchain/bin/../lib/gcc/avr/5.4.0/avr5\libgcc.a(_udivmodsi4.o)
 .data          0x00000000        0x0 c:/program files (x86)/atmel/studio/7.0/toolchain/avr8/avr8-gnu-toolchain/bin/../lib/gcc/avr/5.4.0/avr5\libgcc.a(_udivmodsi4.o)
 .bss           0x00000000        0x0 c:/program files (x86)/atmel/studio/7.0/toolchain/avr8/avr8-gnu-toolchain/bin/../lib/gcc/avr/5.4.0/avr5\libgcc.a(_udivmodsi4.o)
 .text.libgcc.mul
                0x00000000        0x0 c:/program files (x86)/atmel/studio/7.0/toolchain/avr8/avr8-gnu-toolchain/bin/../lib/gcc/avr/5.4.0/avr5\libgcc.a(_udivmodsi4.o)
 .text.libgcc.div
                0x00000000       0x44 c:/program files (x86)/atmel/studio/7.0/toolchain/avr8/avr8-gnu-toolchain/bin/../lib/gcc/avr/5.4.0/avr5\libgcc.a(_udivmodsi4.o)
 .text.libgcc   0x00000000        0x0 c:/program files (x86)/atmel/studio/7.0/toolchain/avr8/avr8-gnu-toolchain/bin/../lib/gcc/avr/5.4.0/avr5\libgcc.a(_udivmodsi4.o)
 .text.libgcc.prologue
                0x00000000        0x0 c:/program files (x86)/atmel/studio/7.0/toolchain/avr8/avr8-gnu-toolchain/bin/../lib/gcc/avr/5.4.0/avr5\libgcc.a(_udivmodsi4.o)
 .text.libgcc.builtins
                0x00000000        0x0 c:/program files (x86)/atmel/studio/7.0/toolchain/avr8/avr8-gnu-toolchain/bin/../lib/gcc/avr/5.4.0/avr5\libgcc.a(_udivmodsi4.o)
 .text.libgcc.fmul
                0x00000000        0x0 c:/program files (x86)/atmel/studio/7.0/toolchain/avr8/avr8-gnu-toolchain/bin/../lib/gcc/avr/5.4.0/avr5\libgcc.a(_udivmodsi4.o)
 .text.libgcc.fixed
                0x00000000        0x0 c:/program files (x86)/atmel/studio/7.0/toolchain/avr8/avr8-gnu-toolchain/bin/../lib/gcc/avr/5.4.0/avr5\libgcc.a(_udivmodsi4.o)
 .text          0x00000000        0x0 c:/program files (x86)/atmel/studio/7.0/toolchain/avr8/avr8-gnu-toolchain/bin/../lib/gcc/avr/5.4.0/avr5\libgcc.a(_exit.o)
 .data          0x00000000        0x0 c:/program files (x86)/atmel/studio/7.0/toolchain/avr8/avr8-gnu-toolchain/bin/../lib/gcc/avr/5.4.0/avr5\libgcc.a(_exit.o)
 .bss           0x00000000        0x0 c:/program files (x86)/atmel/studio/7.0/toolchain/avr8/avr8-gnu-toolchain/bin/../lib/gcc/avr/5.4.0/avr5\libgcc.a(_exit.o)
 .text.libgcc.mul
                0x00000000        0x0 c:/program files (x86)/atmel/studio/7.0/toolchain/avr8/avr8-gnu-toolchain/bin/../lib/gcc/avr/5.4.0/avr5\libgcc.a(_exit.o)
 .text.libgcc.div
                0x00000000        0x0 c:/program files (x86)/atmel/studio/7.0/toolchain/avr8/avr8-gnu-toolchain/bin/../lib/gcc/avr/5.4.0/avr5\libgcc.a(_exit.o)
 .text.libgcc   0x00000000        0x0 c:/program files (x86)/atmel/studio/7.0/toolchain/avr8/avr8-gnu-toolchain/bin/../lib/gcc/avr/5.4.0/avr5\libgcc.a(_exit.o)
 .text.libgcc.prologue
                0x00000000        0x0 c:/program files (x86)/atmel/studio/7.0/toolchain/avr8/avr8-gnu-toolchain/bin/../lib/gcc/avr/5.4.0/avr5\libgcc.a(_exit.o)
 .text.libgcc.builtins
                0x00000000        0x0 c:/program files (x86)/atmel/studio/7.0/toolchain/avr8/avr8-gnu-toolchain/bin/../lib/gcc/avr/5.4.0/avr5\libgcc.a(_exit.o)
 .text.libgcc.fmul
                0x00000000        0x0 c:/program files (x86)/atmel/studio/7.0/toolchain/avr8/avr8-gnu-toolchain/bin/../lib/gcc/avr/5.4.0/avr5\libgcc.a(_exit.o)
 .text.libgcc.fixed
                0x00000000        0x0 c:/program files (x86)/atmel/studio/7.0/toolchain/avr8/avr8-gnu-toolchain/bin/../lib/gcc/avr/5.4.0/avr5\libgcc.a(_exit.o)
 .text          0x00000000        0x0 c:/program files (x86)/atmel/studio/7.0/toolchain/avr8/avr8-gnu-toolchain/bin/../lib/gcc/avr/5.4.0/avr5\libgcc.a(_copy_data.o)
 .data          0x00000000        0x0 c:/program files (x86)/atmel/studio/7.0/toolchain/avr8/avr8-gnu-toolchain/bin/../lib/gcc/avr/5.4.0/avr5\libgcc.a(_copy_data.o)
 .bss           0x00000000        0x0 c:/program files (x86)/atmel/studio/7.0/toolchain/avr8/avr8-gnu-toolchain/bin/../lib/gcc/avr/5.4.0/avr5\libgcc.a(_copy_data.o)
 .text.libgcc.mul
                0x00000000        0x0 c:/program files (x86)/atmel/studio/7.0/toolchain/avr8/avr8-gnu-toolchain/bin/../lib/gcc/avr/5.4.0/avr5\libgcc.a(_copy_data.o)
 .text.libgcc.div
                0x00000000        0x0 c:/program files (x86)/atmel/studio/7.0/toolchain/avr8/avr8-gnu-toolchain/bin/../lib/gcc/avr/5.4.0/avr5\libgcc.a(_copy_data.o)
 .text.libgcc   0x00000000        0x0 c:/program files (x86)/atmel/studio/7.0/toolchain/avr8/avr8-gnu-toolchain/bin/../lib/gcc/avr/5.4.0/avr5\libgcc.a(_copy_data.o)
 .text.libgcc.prologue
                0x00000000        0x0 c:/program files (x86)/atmel/studio/7.0/toolchain/avr8/avr8-gnu-toolchain/bin/../lib/gcc/avr/5.4.0/avr5\libgcc.a(_copy_data.o)
 .text.libgcc.builtins
                0x00000000        0x0 c:/program files (x86)/atmel/studio/7.0/toolchain/avr8/avr8-gnu-toolchain/bin/../lib/gcc/avr/5.4.0/avr5\libgcc.a(_copy_data.o)
 .text.libgcc.fmul
                0x00000000        0x0 c:/program files (x86)/atmel/studio/7.0/toolchain/avr8/avr8-gnu-toolchain/bin/../lib/gcc/avr/5.4.0/avr5\libgcc.a(_copy_data.o)
 .text.libgcc.fixed
                0x00000000        0x0 c:/program files (x86)/atmel/studio/7.0/toolchain/avr8/avr8-gnu-toolchain/bin/../lib/gcc/avr/5.4.0/avr5\libgcc.a(_copy_data.o)
 .text          0x00000000        0x0 c:/program files (x86)/atmel/studio/7.0/toolchain/avr8/avr8-gnu-toolchain/bin/../lib/gcc/avr/5.4.0/avr5\libgcc.a(_clear_bss.o)
 .data          0x00000000        0x0 c:/program files (x86)/atmel/studio/7.0/toolchain/avr8/avr8-gnu-toolchain/bin/../lib/gcc/avr/5.4.0/avr5\libgcc.a(_clear_bss.o)
 .bss           0x00000000        0x0 c:/program files (x86)/atmel/studio/7.0/toolchain/avr8/avr8-gnu-toolchain/bin/../lib/gcc/avr/5.4.0/avr5\libgcc.a(_clear_bss.o)
 .text.libgcc.mul
                0x00000000        0x0 c:/program files (x86)/atmel/studio/7.0/toolchain/avr8/avr8-gnu-toolchain/bin/../lib/gcc/avr/5.4.0/avr5\libgcc.a(_clear_bss.o)
 .text.libgcc.div
                0x00000000        0x0 c:/program files (x86)/atmel/studio/7.0/toolchain/avr8/avr8-gnu-toolchain/bin/../lib/gcc/avr/5.4.0/avr5\libgcc.a(_clear_bss.o)
 .text.libgcc   0x00000000        0x0 c:/program files (x86)/atmel/studio/7.0/toolchain/avr8/avr8-gnu-toolchain/bin/../lib/gcc/avr/5.4.0/avr5\libgcc.a(_clear_bss.o)
 .text.libgcc.prologue
                0x00000000        0x0 c:/program files (x86)/atmel/studio/7.0/toolchain/avr8/avr8-gnu-toolchain/bin/../lib/gcc/avr/5.4.0/avr5\libgcc.a(_clear_bss.o)
 .text.libgcc.builtins
                0x00000000        0x0 c:/program files (x86)/atmel/studio/7.0/toolchain/avr8/avr8-gnu-toolchain/bin/../lib/gcc/avr/5.4.0/avr5\libgcc.a(_clear_bss.o)
 .text.libgcc.fmul
                0x00000000        0x0 c:/program files (x86)/atmel/studio/7.0/toolchain/avr8/avr8-gnu-toolchain/bin/../lib/gcc/avr/5.4.0/avr5\libgcc.a(_clear_bss.o)
 .text.libgcc.fixed
                0x00000000        0x0 c:/program files (x86)/atmel/studio/7.0/toolchain/avr8/avr8-gnu-toolchain/bin/../lib/gcc/avr/5.4.0/avr5\libgcc.a(_clear_bss.o)

Memory Configuration

Name             Origin             Length             Attributes
text             0x00000000         0x00008000         xr
data             0x00800060         0x00000800         rw !x
eeprom           0x00810000         0x00000400         rw !x
fuse             0x00820000         0x00000002         rw !x
lock             0x00830000         0x00000400         rw !x
signature        0x00840000         0x00000400         rw !x
user_signatures  0x00850000         0x00000400         rw !x
*default*        0x00000000         0xffffffff

Linker script and memory map

LOAD C:/Program Files (x86)/Atmel/Studio/7.0/Packs/atmel/ATmega_DFP/1.7.374/gcc/dev/atmega32a/avr5/crtatmega32a.o
LOAD App/main.o
LOAD HAL/IO/Buttons/Button0/Button0_Interface.o
LOAD HAL/IO/Buttons/Button1/Button1_Interface.o
LOAD HAL/IO/Buttons/Button2/Button2_Interface.o
LOAD HAL/IO/Buzzer/Buzzer_Interface.o
LOAD HAL/IO/Display/LCD/LCD1602/LCD1602_4Bit/LCD1602_4Bit_Interface.o
LOAD HAL/IO/Display/LCD/LCD1602/LCD1602_8Bit/LCD1602_8Bit_Interface.o
LOAD HAL/IO/Display/Segments/SevenSegment/SevenSegment_Anode/SevenSegment_Anode_Interface.o
LOAD HAL/IO/Display/Segments/SevenSegment/SevenSegment_BCD/SevenSegment_BCD_Interface.o
LOAD HAL/IO/Display/Segments/SevenSegment/SevenSegment_Cathode/SevenSegment_Cathode_Interface.o
LOAD HAL/IO/Keypad/Keypad_Interface.o
LOAD HAL/IO/LEDs/LED0/LED0_Interface.o
LOAD HAL/IO/LEDs/LED1/LED1_Interface.o
LOAD HAL/IO/LEDs/LED2/LED2_Interface.o
LOAD HAL/IO/Relay/Relay_Interface.o
LOAD MCAL/DIO/DIO_Interface.o
LOAD MCAL/Interrupt/Interrupt_Interface.o
START GROUP
LOAD c:/program files (x86)/atmel/studio/7.0/toolchain/avr8/avr8-gnu-toolchain/bin/../lib/gcc/avr/5.4.0/../../../../avr/lib/avr5\libm.a
END GROUP
START GROUP
LOAD c:/program files (x86)/atmel/studio/7.0/toolchain/avr8/avr8-gnu-toolchain/bin/../lib/gcc/avr/5.4.0/avr5\libgcc.a
LOAD c:/program files (x86)/atmel/studio/7.0/toolchain/avr8/avr8-gnu-toolchain/bin/../lib/gcc/avr/5.4.0/../../../../avr/lib/avr5\libm.a
LOAD c:/program files (x86)/atmel/studio/7.0/toolchain/avr8/avr8-gnu-toolchain/bin/../lib/gcc/avr/5.4.0/../../../../avr/lib/avr5\libc.a
LOAD C:/Program Files (x86)/Atmel/Studio/7.0/Packs/atmel/ATmega_DFP/1.7.374/gcc/dev/atmega32a/avr5\libatmega32a.a
END GROUP
                [0x00000000]                __TEXT_REGION_ORIGIN__ = DEFINED (__TEXT_REGION_ORIGIN__)?__TEXT_REGION_ORIGIN__:0x0
                [0x00800060]                __DATA_REGION_ORIGIN__ = DEFINED (__DATA_REGION_ORIGIN__)?__DATA_REGION_ORIGIN__:0x800060
                [0x00008000]                __TEXT_REGION_LENGTH__ = DEFINED (__TEXT_REGION_LENGTH__)?__TEXT_REGION_LENGTH__:0x20000
                [0x00000800]                __DATA_REGION_LENGTH__ = DEFINED (__DATA_REGION_LENGTH__)?__DATA_REGION_LENGTH__:0xffa0
                [0x00000400]                __EEPROM_REGION_LENGTH__ = DEFINED (__EEPROM_REGION_LENGTH__)?__EEPROM_REGION_LENGTH__:0x10000
                [0x00000002]                __FUSE_REGION_LENGTH__ = DEFINED (__FUSE_REGION_LENGTH__)?__FUSE_REGION_LENGTH__:0x400
                0x00000400                __LOCK_REGION_LENGTH__ = DEFINED (__LOCK_REGION_LENGTH__)?__LOCK_REGION_LENGTH__:0x400
                0x00000400                __SIGNATURE_REGION_LENGTH__ = DEFINED (__SIGNATURE_REGION_LENGTH__)?__SIGNATURE_REGION_LENGTH__:0x400
                0x00000400                __USER_SIGNATURE_REGION_LENGTH__ = DEFINED (__USER_SIGNATURE_REGION_LENGTH__)?__USER_SIGNATURE_REGION_LENGTH__:0x400

.hash
 *(.hash)

.dynsym
 *(.dynsym)

.dynstr
 *(.dynstr)

.gnu.version
 *(.gnu.version)

.gnu.version_d
 *(.gnu.version_d)

.gnu.version_r
 *(.gnu.version_r)

.rel.init
 *(.rel.init)

.rela.init
 *(.rela.init)

.rel.text
 *(.rel.text)
 *(.rel.text.*)
 *(.rel.gnu.linkonce.t*)

.rela.text
 *(.rela.text)
 *(.rela.text.*)
 *(.rela.gnu.linkonce.t*)

.rel.fini
 *(.rel.fini)

.rela.fini
 *(.rela.fini)

.rel.rodata
 *(.rel.rodata)
 *(.rel.rodata.*)
 *(.rel.gnu.linkonce.r*)

.rela.rodata
 *(.rela.rodata)
 *(.rela.rodata.*)
 *(.rela.gnu.linkonce.r*)

.rel.data
 *(.rel.data)
 *(.rel.data.*)
 *(.rel.gnu.linkonce.d*)

.rela.data
 *(.rela.data)
 *(.rela.data.*)
 *(.rela.gnu.linkonce.d*)

.rel.ctors
 *(.rel.ctors)

.rela.ctors
 *(.rela.ctors)

.rel.dtors
 *(.rel.dtors)

.rela.dtors
 *(.rela.dtors)

.rel.got
 *(.rel.got)

.rela.got
 *(.rela.got)

.rel.bss
 *(.rel.bss)

.rela.bss
 *(.rela.bss)

.rel.plt
 *(.rel.plt)

.rela.plt
 *(.rela.plt)

.text           0x00000000      0x67e
 *(.vectors)
 .vectors       0x00000000       0x54 C:/Program Files (x86)/Atmel/Studio/7.0/Packs/atmel/ATmega_DFP/1.7.374/gcc/dev/atmega32a/avr5/crtatmega32a.o
                0x00000000                __vector_default
                0x00000000                __vectors
 *(.vectors)
 *(.progmem.gcc*)
                0x00000054                . = ALIGN (0x2)
                0x00000054                __trampolines_start = .
 *(.trampolines)
 .trampolines   0x00000054        0x0 linker stubs
 *(.trampolines*)
                0x00000054                __trampolines_end = .
 *libprintf_flt.a:*(.progmem.data)
 *libc.a:*(.progmem.data)
 *(.progmem*)
                0x00000054                . = ALIGN (0x2)
 *(.jumptables)
 *(.jumptables*)
 *(.lowtext)
 *(.lowtext*)
                0x00000054                __ctors_start = .
 *(.ctors)
                0x00000054                __ctors_end = .
                0x00000054                __dtors_start = .
 *(.dtors)
                0x00000054                __dtors_end = .
 SORT(*)(.ctors)
 SORT(*)(.dtors)
 *(.init0)
 .init0         0x00000054        0x0 C:/Program Files (x86)/Atmel/Studio/7.0/Packs/atmel/ATmega_DFP/1.7.374/gcc/dev/atmega32a/avr5/crtatmega32a.o
                0x00000054                __init
 *(.init0)
 *(.init1)
 *(.init1)
 *(.init2)
 .init2         0x00000054        0xc C:/Program Files (x86)/Atmel/Studio/7.0/Packs/atmel/ATmega_DFP/1.7.374/gcc/dev/atmega32a/avr5/crtatmega32a.o
 *(.init2)
 *(.init3)
 *(.init3)
 *(.init4)
 .init4         0x00000060       0x16 c:/program files (x86)/atmel/studio/7.0/toolchain/avr8/avr8-gnu-toolchain/bin/../lib/gcc/avr/5.4.0/avr5\libgcc.a(_copy_data.o)
                0x00000060                __do_copy_data
 .init4         0x00000076       0x10 c:/program files (x86)/atmel/studio/7.0/toolchain/avr8/avr8-gnu-toolchain/bin/../lib/gcc/avr/5.4.0/avr5\libgcc.a(_clear_bss.o)
                0x00000076                __do_clear_bss
 *(.init4)
 *(.init5)
 *(.init5)
 *(.init6)
 *(.init6)
 *(.init7)
 *(.init7)
 *(.init8)
 *(.init8)
 *(.init9)
 .init9         0x00000086        0x8 C:/Program Files (x86)/Atmel/Studio/7.0/Packs/atmel/ATmega_DFP/1.7.374/gcc/dev/atmega32a/avr5/crtatmega32a.o
 *(.init9)
 *(.text)
 .text          0x0000008e        0x4 C:/Program Files (x86)/Atmel/Studio/7.0/Packs/atmel/ATmega_DFP/1.7.374/gcc/dev/atmega32a/avr5/crtatmega32a.o
                0x0000008e                __vector_1
                0x0000008e                __vector_12
                0x0000008e                __bad_interrupt
                0x0000008e                __vector_6
                0x0000008e                __vector_3
                0x0000008e                __vector_11
                0x0000008e                __vector_13
                0x0000008e                __vector_17
                0x0000008e                __vector_19
                0x0000008e                __vector_7
                0x0000008e                __vector_5
                0x0000008e                __vector_4
                0x0000008e                __vector_9
                0x0000008e                __vector_15
                0x0000008e                __vector_8
                0x0000008e                __vector_14
                0x0000008e                __vector_10
                0x0000008e                __vector_16
                0x0000008e                __vector_18
                0x0000008e                __vector_20
                0x00000092                . = ALIGN (0x2)
 *(.text.*)
 .text.main     0x00000092       0x2e App/main.o
                0x00000092                main
 .text.__vector_2
                0x000000c0       0x6c App/main.o
                0x000000c0                __vector_2
 .text.LCD_Enable
                0x0000012c       0x22 HAL/IO/Display/LCD/LCD1602/LCD1602_4Bit/LCD1602_4Bit_Interface.o
                0x0000012c                LCD_Enable
 .text.LCD_Send_Command
                0x0000014e       0x74 HAL/IO/Display/LCD/LCD1602/LCD1602_4Bit/LCD1602_4Bit_Interface.o
                0x0000014e                LCD_Send_Command
 .text.LCD_HomeScreen
                0x000001c2       0x24 HAL/IO/Display/LCD/LCD1602/LCD1602_4Bit/LCD1602_4Bit_Interface.o
                0x000001c2                LCD_HomeScreen
 .text.LCD_ClearScreen
                0x000001e6       0x18 HAL/IO/Display/LCD/LCD1602/LCD1602_4Bit/LCD1602_4Bit_Interface.o
                0x000001e6                LCD_ClearScreen
 .text.LCD_Initialize
                0x000001fe       0x56 HAL/IO/Display/LCD/LCD1602/LCD1602_4Bit/LCD1602_4Bit_Interface.o
                0x000001fe                LCD_Initialize
 .text.LCD_LineCheck
                0x00000254       0x48 HAL/IO/Display/LCD/LCD1602/LCD1602_4Bit/LCD1602_4Bit_Interface.o
                0x00000254                LCD_LineCheck
 .text.LCD_Display_Character
                0x0000029c       0xb8 HAL/IO/Display/LCD/LCD1602/LCD1602_4Bit/LCD1602_4Bit_Interface.o
                0x0000029c                LCD_Display_Character
 .text.DIO_SetPinValue
                0x00000354       0xda MCAL/DIO/DIO_Interface.o
                0x00000354                DIO_SetPinValue
 .text.DIO_WritePortDirection
                0x0000042e       0x76 MCAL/DIO/DIO_Interface.o
                0x0000042e                DIO_WritePortDirection
 .text.DIO_WritePortValue
                0x000004a4       0x76 MCAL/DIO/DIO_Interface.o
                0x000004a4                DIO_WritePortValue
 .text.External_Interrupt_Initialize
                0x0000051a      0x160 MCAL/Interrupt/Interrupt_Interface.o
                0x0000051a                External_Interrupt_Initialize
                0x0000067a                . = ALIGN (0x2)
 *(.fini9)
 .fini9         0x0000067a        0x0 c:/program files (x86)/atmel/studio/7.0/toolchain/avr8/avr8-gnu-toolchain/bin/../lib/gcc/avr/5.4.0/avr5\libgcc.a(_exit.o)
                0x0000067a                _exit
                0x0000067a                exit
 *(.fini9)
 *(.fini8)
 *(.fini8)
 *(.fini7)
 *(.fini7)
 *(.fini6)
 *(.fini6)
 *(.fini5)
 *(.fini5)
 *(.fini4)
 *(.fini4)
 *(.fini3)
 *(.fini3)
 *(.fini2)
 *(.fini2)
 *(.fini1)
 *(.fini1)
 *(.fini0)
 .fini0         0x0000067a        0x4 c:/program files (x86)/atmel/studio/7.0/toolchain/avr8/avr8-gnu-toolchain/bin/../lib/gcc/avr/5.4.0/avr5\libgcc.a(_exit.o)
 *(.fini0)
                0x0000067e                _etext = .

.data           0x00800060        0x0 load address 0x0000067e
                0x00800060                PROVIDE (__data_start, .)
 *(.data)
 *(.data*)
 *(.gnu.linkonce.d*)
 *(.rodata)
 *(.rodata*)
 *(.gnu.linkonce.r*)
                0x00800060                . = ALIGN (0x2)
                0x00800060                _edata = .
                0x00800060                PROVIDE (__data_end, .)

.bss            0x00800060        0x6
                0x00800060                PROVIDE (__bss_start, .)
 *(.bss)
 *(.bss*)
 .bss.Initialized.2405
                0x00800060        0x1 HAL/IO/Display/LCD/LCD1602/LCD1602_4Bit/LCD1602_4Bit_Interface.o
 *(COMMON)
 COMMON         0x00800061        0x5 App/main.o
                0x00800061                CursorDirection
                0x00800062                Character_Counter
                0x00800066                PROVIDE (__bss_end, .)
                0x0000067e                __data_load_start = LOADADDR (.data)
                0x0000067e                __data_load_end = (__data_load_start + SIZEOF (.data))

.noinit         0x00800066        0x0
                [!provide]                PROVIDE (__noinit_start, .)
 *(.noinit*)
                [!provide]                PROVIDE (__noinit_end, .)
                0x00800066                _end = .
                [!provide]                PROVIDE (__heap_start, .)

.eeprom         0x00810000        0x0
 *(.eeprom*)
                0x00810000                __eeprom_end = .

.fuse
 *(.fuse)
 *(.lfuse)
 *(.hfuse)
 *(.efuse)

.lock
 *(.lock*)

.signature
 *(.signature*)

.user_signatures
 *(.user_signatures*)

.stab
 *(.stab)

.stabstr
 *(.stabstr)

.stab.excl
 *(.stab.excl)

.stab.exclstr
 *(.stab.exclstr)

.stab.index
 *(.stab.index)

.stab.indexstr
 *(.stab.indexstr)

.comment        0x00000000       0x30
 *(.comment)
 .comment       0x00000000       0x30 App/main.o
                                 0x31 (size before relaxing)
 .comment       0x00000030       0x31 HAL/IO/Display/LCD/LCD1602/LCD1602_4Bit/LCD1602_4Bit_Interface.o
 .comment       0x00000030       0x31 MCAL/DIO/DIO_Interface.o
 .comment       0x00000030       0x31 MCAL/Interrupt/Interrupt_Interface.o

.note.gnu.avr.deviceinfo
                0x00000000       0x3c
 .note.gnu.avr.deviceinfo
                0x00000000       0x3c C:/Program Files (x86)/Atmel/Studio/7.0/Packs/atmel/ATmega_DFP/1.7.374/gcc/dev/atmega32a/avr5/crtatmega32a.o

.note.gnu.build-id
 *(.note.gnu.build-id)

.debug
 *(.debug)

.line
 *(.line)

.debug_srcinfo
 *(.debug_srcinfo)

.debug_sfnames
 *(.debug_sfnames)

.debug_aranges  0x00000000      0x1a0
 *(.debug_aranges)
 .debug_aranges
                0x00000000       0x28 App/main.o
 .debug_aranges
                0x00000028       0x98 HAL/IO/Display/LCD/LCD1602/LCD1602_4Bit/LCD1602_4Bit_Interface.o
 .debug_aranges
                0x000000c0       0xc0 MCAL/DIO/DIO_Interface.o
 .debug_aranges
                0x00000180       0x20 MCAL/Interrupt/Interrupt_Interface.o

.debug_pubnames
 *(.debug_pubnames)

.debug_info     0x00000000     0x1be9
 *(.debug_info .gnu.linkonce.wi.*)
 .debug_info    0x00000000      0x4e6 C:/Program Files (x86)/Atmel/Studio/7.0/Packs/atmel/ATmega_DFP/1.7.374/gcc/dev/atmega32a/avr5/crtatmega32a.o
 .debug_info    0x000004e6      0x2b2 App/main.o
 .debug_info    0x00000798      0xbf6 HAL/IO/Display/LCD/LCD1602/LCD1602_4Bit/LCD1602_4Bit_Interface.o
 .debug_info    0x0000138e      0x74c MCAL/DIO/DIO_Interface.o
 .debug_info    0x00001ada      0x10f MCAL/Interrupt/Interrupt_Interface.o

.debug_abbrev   0x00000000      0xa17
 *(.debug_abbrev)
 .debug_abbrev  0x00000000      0x4a3 C:/Program Files (x86)/Atmel/Studio/7.0/Packs/atmel/ATmega_DFP/1.7.374/gcc/dev/atmega32a/avr5/crtatmega32a.o
 .debug_abbrev  0x000004a3      0x16b App/main.o
 .debug_abbrev  0x0000060e      0x214 HAL/IO/Display/LCD/LCD1602/LCD1602_4Bit/LCD1602_4Bit_Interface.o
 .debug_abbrev  0x00000822      0x16e MCAL/DIO/DIO_Interface.o
 .debug_abbrev  0x00000990       0x87 MCAL/Interrupt/Interrupt_Interface.o

.debug_line     0x00000000     0x1148
 *(.debug_line .debug_line.* .debug_line_end)
 .debug_line    0x00000000      0x116 C:/Program Files (x86)/Atmel/Studio/7.0/Packs/atmel/ATmega_DFP/1.7.374/gcc/dev/atmega32a/avr5/crtatmega32a.o
 .debug_line    0x00000116      0x259 App/main.o
 .debug_line    0x0000036f      0x597 HAL/IO/Display/LCD/LCD1602/LCD1602_4Bit/LCD1602_4Bit_Interface.o
 .debug_line    0x00000906      0x5c4 MCAL/DIO/DIO_Interface.o
 .debug_line    0x00000eca      0x27e MCAL/Interrupt/Interrupt_Interface.o

.debug_frame    0x00000000      0x3fc
 *(.debug_frame)
 .debug_frame   0x00000000       0x80 App/main.o
 .debug_frame   0x00000080      0x1f4 HAL/IO/Display/LCD/LCD1602/LCD1602_4Bit/LCD1602_4Bit_Interface.o
 .debug_frame   0x00000274      0x164 MCAL/DIO/DIO_Interface.o
 .debug_frame   0x000003d8       0x24 MCAL/Interrupt/Interrupt_Interface.o

.debug_str      0x00000000      0x8bc
 *(.debug_str)
 .debug_str     0x00000000      0x196 C:/Program Files (x86)/Atmel/Studio/7.0/Packs/atmel/ATmega_DFP/1.7.374/gcc/dev/atmega32a/avr5/crtatmega32a.o
 .debug_str     0x00000196      0x281 App/main.o
                                0x2ba (size before relaxing)
 .debug_str     0x00000417      0x249 HAL/IO/Display/LCD/LCD1602/LCD1602_4Bit/LCD1602_4Bit_Interface.o
                                0x497 (size before relaxing)
 .debug_str     0x00000660      0x214 MCAL/DIO/DIO_Interface.o
                                0x44c (size before relaxing)
 .debug_str     0x00000874       0x48 MCAL/Interrupt/Interrupt_Interface.o
                                0x24b (size before relaxing)

.debug_loc      0x00000000     0x15e8
 *(.debug_loc)
 .debug_loc     0x00000000      0x1a8 App/main.o
 .debug_loc     0x000001a8      0x9b0 HAL/IO/Display/LCD/LCD1602/LCD1602_4Bit/LCD1602_4Bit_Interface.o
 .debug_loc     0x00000b58      0x98e MCAL/DIO/DIO_Interface.o
 .debug_loc     0x000014e6      0x102 MCAL/Interrupt/Interrupt_Interface.o

.debug_macinfo
 *(.debug_macinfo)

.debug_weaknames
 *(.debug_weaknames)

.debug_funcnames
 *(.debug_funcnames)

.debug_typenames
 *(.debug_typenames)

.debug_varnames
 *(.debug_varnames)

.debug_pubtypes
 *(.debug_pubtypes)

.debug_ranges   0x00000000      0x160
 *(.debug_ranges)
 .debug_ranges  0x00000000       0x18 App/main.o
 .debug_ranges  0x00000018       0x88 HAL/IO/Display/LCD/LCD1602/LCD1602_4Bit/LCD1602_4Bit_Interface.o
 .debug_ranges  0x000000a0       0xb0 MCAL/DIO/DIO_Interface.o
 .debug_ranges  0x00000150       0x10 MCAL/Interrupt/Interrupt_Interface.o

.debug_macro
 *(.debug_macro)
OUTPUT(Main_Application.elf elf32-avr)
LOAD linker stubs
